Archive member included to satisfy reference by file (symbol)

c:/st/stm32cubeide_1.11.0/stm32cubeide/plugins/com.st.stm32cube.ide.mcu.externaltools.gnu-tools-for-stm32.10.3-2021.10.win32_1.0.100.202210260954/tools/bin/../lib/gcc/arm-none-eabi/10.3.1/../../../../arm-none-eabi/lib/thumb/v7-m/nofp\libc_nano.a(lib_a-errno.o)
                              ./Core/Src/syscalls.o (__errno)
c:/st/stm32cubeide_1.11.0/stm32cubeide/plugins/com.st.stm32cube.ide.mcu.externaltools.gnu-tools-for-stm32.10.3-2021.10.win32_1.0.100.202210260954/tools/bin/../lib/gcc/arm-none-eabi/10.3.1/../../../../arm-none-eabi/lib/thumb/v7-m/nofp\libc_nano.a(lib_a-exit.o)
                              c:/st/stm32cubeide_1.11.0/stm32cubeide/plugins/com.st.stm32cube.ide.mcu.externaltools.gnu-tools-for-stm32.10.3-2021.10.win32_1.0.100.202210260954/tools/bin/../lib/gcc/arm-none-eabi/10.3.1/../../../../arm-none-eabi/lib/thumb/v7-m/nofp/crt0.o (exit)
c:/st/stm32cubeide_1.11.0/stm32cubeide/plugins/com.st.stm32cube.ide.mcu.externaltools.gnu-tools-for-stm32.10.3-2021.10.win32_1.0.100.202210260954/tools/bin/../lib/gcc/arm-none-eabi/10.3.1/../../../../arm-none-eabi/lib/thumb/v7-m/nofp\libc_nano.a(lib_a-impure.o)
                              c:/st/stm32cubeide_1.11.0/stm32cubeide/plugins/com.st.stm32cube.ide.mcu.externaltools.gnu-tools-for-stm32.10.3-2021.10.win32_1.0.100.202210260954/tools/bin/../lib/gcc/arm-none-eabi/10.3.1/../../../../arm-none-eabi/lib/thumb/v7-m/nofp\libc_nano.a(lib_a-exit.o) (_global_impure_ptr)
c:/st/stm32cubeide_1.11.0/stm32cubeide/plugins/com.st.stm32cube.ide.mcu.externaltools.gnu-tools-for-stm32.10.3-2021.10.win32_1.0.100.202210260954/tools/bin/../lib/gcc/arm-none-eabi/10.3.1/../../../../arm-none-eabi/lib/thumb/v7-m/nofp\libc_nano.a(lib_a-init.o)
                              c:/st/stm32cubeide_1.11.0/stm32cubeide/plugins/com.st.stm32cube.ide.mcu.externaltools.gnu-tools-for-stm32.10.3-2021.10.win32_1.0.100.202210260954/tools/bin/../lib/gcc/arm-none-eabi/10.3.1/../../../../arm-none-eabi/lib/thumb/v7-m/nofp/crt0.o (__libc_init_array)
c:/st/stm32cubeide_1.11.0/stm32cubeide/plugins/com.st.stm32cube.ide.mcu.externaltools.gnu-tools-for-stm32.10.3-2021.10.win32_1.0.100.202210260954/tools/bin/../lib/gcc/arm-none-eabi/10.3.1/../../../../arm-none-eabi/lib/thumb/v7-m/nofp\libc_nano.a(lib_a-memcpy-stub.o)
                              ./Core/Src/main.o (memcpy)
c:/st/stm32cubeide_1.11.0/stm32cubeide/plugins/com.st.stm32cube.ide.mcu.externaltools.gnu-tools-for-stm32.10.3-2021.10.win32_1.0.100.202210260954/tools/bin/../lib/gcc/arm-none-eabi/10.3.1/../../../../arm-none-eabi/lib/thumb/v7-m/nofp\libc_nano.a(lib_a-memset.o)
                              c:/st/stm32cubeide_1.11.0/stm32cubeide/plugins/com.st.stm32cube.ide.mcu.externaltools.gnu-tools-for-stm32.10.3-2021.10.win32_1.0.100.202210260954/tools/bin/../lib/gcc/arm-none-eabi/10.3.1/../../../../arm-none-eabi/lib/thumb/v7-m/nofp/crt0.o (memset)
c:/st/stm32cubeide_1.11.0/stm32cubeide/plugins/com.st.stm32cube.ide.mcu.externaltools.gnu-tools-for-stm32.10.3-2021.10.win32_1.0.100.202210260954/tools/bin/../lib/gcc/arm-none-eabi/10.3.1/../../../../arm-none-eabi/lib/thumb/v7-m/nofp\libc_nano.a(lib_a-vsnprintf.o)
                              ./USB_DEVICE/App/usbd_cdc_if.o (vsnprintf)
c:/st/stm32cubeide_1.11.0/stm32cubeide/plugins/com.st.stm32cube.ide.mcu.externaltools.gnu-tools-for-stm32.10.3-2021.10.win32_1.0.100.202210260954/tools/bin/../lib/gcc/arm-none-eabi/10.3.1/../../../../arm-none-eabi/lib/thumb/v7-m/nofp\libc_nano.a(lib_a-nano-svfprintf.o)
                              c:/st/stm32cubeide_1.11.0/stm32cubeide/plugins/com.st.stm32cube.ide.mcu.externaltools.gnu-tools-for-stm32.10.3-2021.10.win32_1.0.100.202210260954/tools/bin/../lib/gcc/arm-none-eabi/10.3.1/../../../../arm-none-eabi/lib/thumb/v7-m/nofp\libc_nano.a(lib_a-vsnprintf.o) (_svfprintf_r)
c:/st/stm32cubeide_1.11.0/stm32cubeide/plugins/com.st.stm32cube.ide.mcu.externaltools.gnu-tools-for-stm32.10.3-2021.10.win32_1.0.100.202210260954/tools/bin/../lib/gcc/arm-none-eabi/10.3.1/../../../../arm-none-eabi/lib/thumb/v7-m/nofp\libc_nano.a(lib_a-nano-vfprintf_i.o)
                              c:/st/stm32cubeide_1.11.0/stm32cubeide/plugins/com.st.stm32cube.ide.mcu.externaltools.gnu-tools-for-stm32.10.3-2021.10.win32_1.0.100.202210260954/tools/bin/../lib/gcc/arm-none-eabi/10.3.1/../../../../arm-none-eabi/lib/thumb/v7-m/nofp\libc_nano.a(lib_a-nano-svfprintf.o) (_printf_i)
c:/st/stm32cubeide_1.11.0/stm32cubeide/plugins/com.st.stm32cube.ide.mcu.externaltools.gnu-tools-for-stm32.10.3-2021.10.win32_1.0.100.202210260954/tools/bin/../lib/gcc/arm-none-eabi/10.3.1/../../../../arm-none-eabi/lib/thumb/v7-m/nofp\libc_nano.a(lib_a-memchr-stub.o)
[...]
Memory Configuration

Name             Origin             Length             Attributes
RAM              0x0000000020000000 0x0000000000008000 xrw
FLASH            0x0000000008000000 0x0000000000040000 xr
*default*        0x0000000000000000 0xffffffffffffffff

Linker script and memory map

LOAD c:/st/stm32cubeide_1.11.0/stm32cubeide/plugins/com.st.stm32cube.ide.mcu.externaltools.gnu-tools-for-stm32.10.3-2021.10.win32_1.0.100.202210260954/tools/bin/../lib/gcc/arm-none-eabi/10.3.1/thumb/v7-m/nofp/crti.o
LOAD c:/st/stm32cubeide_1.11.0/stm32cubeide/plugins/com.st.stm32cube.ide.mcu.externaltools.gnu-tools-for-stm32.10.3-2021.10.win32_1.0.100.202210260954/tools/bin/../lib/gcc/arm-none-eabi/10.3.1/thumb/v7-m/nofp/crtbegin.o
LOAD c:/st/stm32cubeide_1.11.0/stm32cubeide/plugins/com.st.stm32cube.ide.mcu.externaltools.gnu-tools-for-stm32.10.3-2021.10.win32_1.0.100.202210260954/tools/bin/../lib/gcc/arm-none-eabi/10.3.1/../../../../arm-none-eabi/lib/thumb/v7-m/nofp/crt0.o
LOAD ./Core/Src/SX127x.o
LOAD ./Core/Src/board.o
LOAD ./Core/Src/main.o
LOAD ./Core/Src/stm32l1xx_hal_msp.o
LOAD ./Core/Src/stm32l1xx_it.o
LOAD ./Core/Src/syscalls.o
LOAD ./Core/Src/sysmem.o
LOAD ./Core/Src/system_stm32l1xx.o
LOAD ./Core/Startup/startup_stm32l151ccux.o
LOAD ./Drivers/STM32L1xx_HAL_Driver/Src/stm32l1xx_hal.o
LOAD ./Drivers/STM32L1xx_HAL_Driver/Src/stm32l1xx_hal_cortex.o
LOAD ./Drivers/STM32L1xx_HAL_Driver/Src/stm32l1xx_hal_dma.o
LOAD ./Drivers/STM32L1xx_HAL_Driver/Src/stm32l1xx_hal_flash.o
LOAD ./Drivers/STM32L1xx_HAL_Driver/Src/stm32l1xx_hal_flash_ex.o
LOAD ./Drivers/STM32L1xx_HAL_Driver/Src/stm32l1xx_hal_flash_ramfunc.o
LOAD ./Drivers/STM32L1xx_HAL_Driver/Src/stm32l1xx_hal_gpio.o
LOAD ./Drivers/STM32L1xx_HAL_Driver/Src/stm32l1xx_hal_pcd.o
LOAD ./Drivers/STM32L1xx_HAL_Driver/Src/stm32l1xx_hal_pcd_ex.o
LOAD ./Drivers/STM32L1xx_HAL_Driver/Src/stm32l1xx_hal_pwr.o
LOAD ./Drivers/STM32L1xx_HAL_Driver/Src/stm32l1xx_hal_pwr_ex.o
LOAD ./Drivers/STM32L1xx_HAL_Driver/Src/stm32l1xx_hal_rcc.o
LOAD ./Drivers/STM32L1xx_HAL_Driver/Src/stm32l1xx_hal_rcc_ex.o
LOAD ./Drivers/STM32L1xx_HAL_Driver/Src/stm32l1xx_hal_rtc.o
LOAD ./Drivers/STM32L1xx_HAL_Driver/Src/stm32l1xx_hal_rtc_ex.o
LOAD ./Drivers/STM32L1xx_HAL_Driver/Src/stm32l1xx_hal_spi.o
LOAD ./Drivers/STM32L1xx_HAL_Driver/Src/stm32l1xx_hal_tim.o
LOAD ./Drivers/STM32L1xx_HAL_Driver/Src/stm32l1xx_hal_tim_ex.o
LOAD ./Drivers/STM32L1xx_HAL_Driver/Src/stm32l1xx_ll_usb.o
LOAD ./Middlewares/ST/STM32_USB_Device_Library/Class/CDC/Src/usbd_cdc.o
LOAD ./Middlewares/ST/STM32_USB_Device_Library/Core/Src/usbd_core.o
LOAD ./Middlewares/ST/STM32_USB_Device_Library/Core/Src/usbd_ctlreq.o
LOAD ./Middlewares/ST/STM32_USB_Device_Library/Core/Src/usbd_ioreq.o
LOAD ./USB_DEVICE/App/usb_device.o
LOAD ./USB_DEVICE/App/usbd_cdc_if.o
LOAD ./USB_DEVICE/App/usbd_desc.o
LOAD ./USB_DEVICE/Target/usbd_conf.o
START GROUP
LOAD c:/st/stm32cubeide_1.11.0/stm32cubeide/plugins/com.st.stm32cube.ide.mcu.externaltools.gnu-tools-for-stm32.10.3-2021.10.win32_1.0.100.202210260954/tools/bin/../lib/gcc/arm-none-eabi/10.3.1/../../../../arm-none-eabi/lib/thumb/v7-m/nofp\libc_nano.a
LOAD c:/st/stm32cubeide_1.11.0/stm32cubeide/plugins/com.st.stm32cube.ide.mcu.externaltools.gnu-tools-for-stm32.10.3-2021.10.win32_1.0.100.202210260954/tools/bin/../lib/gcc/arm-none-eabi/10.3.1/../../../../arm-none-eabi/lib/thumb/v7-m/nofp\libm.a
END GROUP
START GROUP
LOAD c:/st/stm32cubeide_1.11.0/stm32cubeide/plugins/com.st.stm32cube.ide.mcu.externaltools.gnu-tools-for-stm32.10.3-2021.10.win32_1.0.100.202210260954/tools/bin/../lib/gcc/arm-none-eabi/10.3.1/thumb/v7-m/nofp\libgcc.a
LOAD c:/st/stm32cubeide_1.11.0/stm32cubeide/plugins/com.st.stm32cube.ide.mcu.externaltools.gnu-tools-for-stm32.10.3-2021.10.win32_1.0.100.202210260954/tools/bin/../lib/gcc/arm-none-eabi/10.3.1/../../../../arm-none-eabi/lib/thumb/v7-m/nofp\libc_nano.a
END GROUP
START GROUP
LOAD c:/st/stm32cubeide_1.11.0/stm32cubeide/plugins/com.st.stm32cube.ide.mcu.externaltools.gnu-tools-for-stm32.10.3-2021.10.win32_1.0.100.202210260954/tools/bin/../lib/gcc/arm-none-eabi/10.3.1/thumb/v7-m/nofp\libgcc.a
LOAD c:/st/stm32cubeide_1.11.0/stm32cubeide/plugins/com.st.stm32cube.ide.mcu.externaltools.gnu-tools-for-stm32.10.3-2021.10.win32_1.0.100.202210260954/tools/bin/../lib/gcc/arm-none-eabi/10.3.1/../../../../arm-none-eabi/lib/thumb/v7-m/nofp\libc_nano.a
LOAD c:/st/stm32cubeide_1.11.0/stm32cubeide/plugins/com.st.stm32cube.ide.mcu.externaltools.gnu-tools-for-stm32.10.3-2021.10.win32_1.0.100.202210260954/tools/bin/../lib/gcc/arm-none-eabi/10.3.1/../../../../arm-none-eabi/lib/thumb/v7-m/nofp\libnosys.a
END GROUP
START GROUP
LOAD c:/st/stm32cubeide_1.11.0/stm32cubeide/plugins/com.st.stm32cube.ide.mcu.externaltools.gnu-tools-for-stm32.10.3-2021.10.win32_1.0.100.202210260954/tools/bin/../lib/gcc/arm-none-eabi/10.3.1/thumb/v7-m/nofp\libgcc.a
LOAD c:/st/stm32cubeide_1.11.0/stm32cubeide/plugins/com.st.stm32cube.ide.mcu.externaltools.gnu-tools-for-stm32.10.3-2021.10.win32_1.0.100.202210260954/tools/bin/../lib/gcc/arm-none-eabi/10.3.1/../../../../arm-none-eabi/lib/thumb/v7-m/nofp\libc_nano.a
LOAD c:/st/stm32cubeide_1.11.0/stm32cubeide/plugins/com.st.stm32cube.ide.mcu.externaltools.gnu-tools-for-stm32.10.3-2021.10.win32_1.0.100.202210260954/tools/bin/../lib/gcc/arm-none-eabi/10.3.1/../../../../arm-none-eabi/lib/thumb/v7-m/nofp\libnosys.a
END GROUP
LOAD c:/st/stm32cubeide_1.11.0/stm32cubeide/plugins/com.st.stm32cube.ide.mcu.externaltools.gnu-tools-for-stm32.10.3-2021.10.win32_1.0.100.202210260954/tools/bin/../lib/gcc/arm-none-eabi/10.3.1/thumb/v7-m/nofp/crtend.o
LOAD c:/st/stm32cubeide_1.11.0/stm32cubeide/plugins/com.st.stm32cube.ide.mcu.externaltools.gnu-tools-for-stm32.10.3-2021.10.win32_1.0.100.202210260954/tools/bin/../lib/gcc/arm-none-eabi/10.3.1/thumb/v7-m/nofp/crtn.o
                0x0000000020008000                _estack = (ORIGIN (RAM) + LENGTH (RAM))
                0x0000000000000200                _Min_Heap_Size = 0x200
                0x0000000000000400                _Min_Stack_Size = 0x400

.isr_vector     0x0000000008000000      0x13c
                0x0000000008000000                . = ALIGN (0x4)
 *(.isr_vector)
 .isr_vector    0x0000000008000000      0x13c ./Core/Startup/startup_stm32l151ccux.o
                0x0000000008000000                g_pfnVectors
                0x000000000800013c                . = ALIGN (0x4)

.text           0x0000000008000140     0x8cec
                0x0000000008000140                . = ALIGN (0x4)
 *(.text)
 .text          0x0000000008000140       0x40 c:/st/stm32cubeide_1.11.0/stm32cubeide/plugins/com.st.stm32cube.ide.mcu.externaltools.gnu-tools-for-stm32.10.3-2021.10.win32_1.0.100.202210260954/tools/bin/../lib/gcc/arm-none-eabi/10.3.1/thumb/v7-m/nofp/crtbegin.o
 .text          0x0000000008000180      0x378 c:/st/stm32cubeide_1.11.0/stm32cubeide/plugins/com.st.stm32cube.ide.mcu.externaltools.gnu-tools-for-stm32.10.3-2021.10.win32_1.0.100.202210260954/tools/bin/../lib/gcc/arm-none-eabi/10.3.1/thumb/v7-m/nofp\libgcc.a(_arm_addsubdf3.o)
                0x0000000008000180                __aeabi_drsub
                0x0000000008000188                __aeabi_dsub
                0x0000000008000188                __subdf3
                0x000000000800018c                __aeabi_dadd
                0x000000000800018c                __adddf3
                0x0000000008000404                __floatunsidf
                0x0000000008000404                __aeabi_ui2d
                0x0000000008000424                __floatsidf
                0x0000000008000424                __aeabi_i2d
                0x0000000008000448                __aeabi_f2d
                0x0000000008000448                __extendsfdf2
                0x000000000800048c                __floatundidf
                0x000000000800048c                __aeabi_ul2d
                0x000000000800049c                __floatdidf
                0x000000000800049c                __aeabi_l2d
 .text          0x00000000080004f8      0x424 c:/st/stm32cubeide_1.11.0/stm32cubeide/plugins/com.st.stm32cube.ide.mcu.externaltools.gnu-tools-for-stm32.10.3-2021.10.win32_1.0.100.202210260954/tools/bin/../lib/gcc/arm-none-eabi/10.3.1/thumb/v7-m/nofp\libgcc.a(_arm_muldivdf3.o)
                0x00000000080004f8                __aeabi_dmul
                0x00000000080004f8                __muldf3
                0x000000000800074c                __divdf3
                0x000000000800074c                __aeabi_ddiv
 .text          0x000000000800091c       0x50 c:/st/stm32cubeide_1.11.0/stm32cubeide/plugins/com.st.stm32cube.ide.mcu.externaltools.gnu-tools-for-stm32.10.3-2021.10.win32_1.0.100.202210260954/tools/bin/../lib/gcc/arm-none-eabi/10.3.1/thumb/v7-m/nofp\libgcc.a(_arm_fixdfsi.o)
                0x000000000800091c                __aeabi_d2iz
                0x000000000800091c                __fixdfsi
 *(.text*)
 .text.gByteWritefunc
                0x000000000800096c       0x30 ./Core/Src/SX127x.o
                0x000000000800096c                gByteWritefunc
 .text.gByteReadfunc
                0x000000000800099c       0x34 ./Core/Src/SX127x.o
                0x000000000800099c                gByteReadfunc
 .text.SX127xWriteBuffer
                0x00000000080009d0       0x48 ./Core/Src/SX127x.o
                0x00000000080009d0                SX127xWriteBuffer
 .text.SX127xReadBuffer
                0x0000000008000a18       0x44 ./Core/Src/SX127x.o
                0x0000000008000a18                SX127xReadBuffer
 .text.SX127xReset
                0x0000000008000a5c       0x30 ./Core/Src/SX127x.o
                0x0000000008000a5c                SX127xReset
 .text.SX127xFSKSetOpMode
                0x0000000008000a8c       0x36 ./Core/Src/SX127x.o
                0x0000000008000a8c                SX127xFSKSetOpMode
 .text.SX127xFSKLoRa
                0x0000000008000ac2       0x36 ./Core/Src/SX127x.o
                0x0000000008000ac2                SX127xFSKLoRa
 .text.SX127xFSKSetRFFrequency
                0x0000000008000af8       0x70 ./Core/Src/SX127x.o
                0x0000000008000af8                SX127xFSKSetRFFrequency
 .text.SX127xFSKSetBitRate
                0x0000000008000b68       0x5c ./Core/Src/SX127x.o
                0x0000000008000b68                SX127xFSKSetBitRate
 .text.SX127xFSKSetFreqDev
                0x0000000008000bc4       0x48 ./Core/Src/SX127x.o
                0x0000000008000bc4                SX127xFSKSetFreqDev
 .text.SX127xFSKSetRFPower
                0x0000000008000c0c       0x8e ./Core/Src/SX127x.o
                0x0000000008000c0c                SX127xFSKSetRFPower
 .text.SX127xFSKSetGaussianMode
                0x0000000008000c9a       0x44 ./Core/Src/SX127x.o
                0x0000000008000c9a                SX127xFSKSetGaussianMode
 .text.SX127xFSKSetFIFOThreshold
                0x0000000008000cde       0x42 ./Core/Src/SX127x.o
                0x0000000008000cde                SX127xFSKSetFIFOThreshold
 .text.SX127xFSKSetPacketFormat
                0x0000000008000d20       0x3c ./Core/Src/SX127x.o
                0x0000000008000d20                SX127xFSKSetPacketFormat
 .text.SX127xFSKSetSyncOn
                0x0000000008000d5c       0x3c ./Core/Src/SX127x.o
                0x0000000008000d5c                SX127xFSKSetSyncOn
 .text.SX127xFSKSetCrcOn
                0x0000000008000d98       0x3c ./Core/Src/SX127x.o
                0x0000000008000d98                SX127xFSKSetCrcOn
 .text.SX127xFSKSetPreambleSize
                0x0000000008000dd4       0x32 ./Core/Src/SX127x.o
                0x0000000008000dd4                SX127xFSKSetPreambleSize
 *fill*         0x0000000008000e06        0x2 
 .text.SX127xFSK_INT
                0x0000000008000e08       0x90 ./Core/Src/SX127x.o
                0x0000000008000e08                SX127xFSK_INT
 .text.SX127xFSKSetPayloadLength
                0x0000000008000e98       0x5c ./Core/Src/SX127x.o
                0x0000000008000e98                SX127xFSKSetPayloadLength
 .text.FUN_RF_SENDPACKET
                0x0000000008000ef4       0x6c ./Core/Src/SX127x.o
                0x0000000008000ef4                FUN_RF_SENDPACKET
 .text.Board_Init
                0x0000000008000f60       0x40 ./Core/Src/board.o
                0x0000000008000f60                Board_Init
 .text.SystemClock_Config
                0x0000000008000fa0       0xc4 ./Core/Src/board.o
                0x0000000008000fa0                SystemClock_Config
 .text.MX_RTC_Init
                0x0000000008001064      0x12c ./Core/Src/board.o
                0x0000000008001064                MX_RTC_Init
 .text.MX_SPI1_Init
                0x0000000008001190       0x6c ./Core/Src/board.o
                0x0000000008001190                MX_SPI1_Init
 .text.MX_TIM4_Init
                0x00000000080011fc       0x9c ./Core/Src/board.o
                0x00000000080011fc                MX_TIM4_Init
 .text.MX_GPIO_Init
                0x0000000008001298       0xf4 ./Core/Src/board.o
                0x0000000008001298                MX_GPIO_Init
 .text.HAL_TIM_PeriodElapsedCallback
                0x000000000800138c       0x3c ./Core/Src/board.o
                0x000000000800138c                HAL_TIM_PeriodElapsedCallback
 .text.Error_Handler
                0x00000000080013c8        0xc ./Core/Src/board.o
                0x00000000080013c8                Error_Handler
 .text.main     0x00000000080013d4      0x36c ./Core/Src/main.o
                0x00000000080013d4                main
 .text.HAL_MspInit
                0x0000000008001740       0x5c ./Core/Src/stm32l1xx_hal_msp.o
                0x0000000008001740                HAL_MspInit
 .text.HAL_RTC_MspInit
                0x000000000800179c       0x2c ./Core/Src/stm32l1xx_hal_msp.o
                0x000000000800179c                HAL_RTC_MspInit
 .text.HAL_SPI_MspInit
                0x00000000080017c8       0x88 ./Core/Src/stm32l1xx_hal_msp.o
                0x00000000080017c8                HAL_SPI_MspInit
 .text.HAL_TIM_Base_MspInit
                0x0000000008001850       0x4c ./Core/Src/stm32l1xx_hal_msp.o
                0x0000000008001850                HAL_TIM_Base_MspInit
 .text.NMI_Handler
                0x000000000800189c        0xc ./Core/Src/stm32l1xx_it.o
                0x000000000800189c                NMI_Handler
 .text.HardFault_Handler
                0x00000000080018a8        0x6 ./Core/Src/stm32l1xx_it.o
                0x00000000080018a8                HardFault_Handler
 .text.MemManage_Handler
                0x00000000080018ae        0x6 ./Core/Src/stm32l1xx_it.o
                0x00000000080018ae                MemManage_Handler
 .text.BusFault_Handler
                0x00000000080018b4        0x6 ./Core/Src/stm32l1xx_it.o
                0x00000000080018b4                BusFault_Handler
 .text.UsageFault_Handler
                0x00000000080018ba        0x6 ./Core/Src/stm32l1xx_it.o
                0x00000000080018ba                UsageFault_Handler
 .text.SVC_Handler
                0x00000000080018c0        0xc ./Core/Src/stm32l1xx_it.o
                0x00000000080018c0                SVC_Handler
 .text.DebugMon_Handler
                0x00000000080018cc        0xc ./Core/Src/stm32l1xx_it.o
                0x00000000080018cc                DebugMon_Handler
 .text.PendSV_Handler
                0x00000000080018d8        0xc ./Core/Src/stm32l1xx_it.o
                0x00000000080018d8                PendSV_Handler
 .text.SysTick_Handler
                0x00000000080018e4        0xc ./Core/Src/stm32l1xx_it.o
                0x00000000080018e4                SysTick_Handler
 .text.USB_LP_IRQHandler
                0x00000000080018f0       0x14 ./Core/Src/stm32l1xx_it.o
                0x00000000080018f0                USB_LP_IRQHandler
 .text.TIM4_IRQHandler
                0x0000000008001904       0x14 ./Core/Src/stm32l1xx_it.o
                0x0000000008001904                TIM4_IRQHandler
 .text._sbrk    0x0000000008001918       0x58 ./Core/Src/sysmem.o
                0x0000000008001918                _sbrk
 .text.SystemInit
                0x0000000008001970       0x68 ./Core/Src/system_stm32l1xx.o
                0x0000000008001970                SystemInit
 .text.Reset_Handler
                0x00000000080019d8       0x48 ./Core/Startup/startup_stm32l151ccux.o
                0x00000000080019d8                Reset_Handler
 .text.Default_Handler
                0x0000000008001a20        0x2 ./Core/Startup/startup_stm32l151ccux.o
                0x0000000008001a20                RTC_Alarm_IRQHandler
                0x0000000008001a20                EXTI2_IRQHandler
                0x0000000008001a20                COMP_ACQ_IRQHandler
                0x0000000008001a20                TIM10_IRQHandler
                0x0000000008001a20                USB_HP_IRQHandler
                0x0000000008001a20                TIM6_IRQHandler
                0x0000000008001a20                PVD_IRQHandler
                0x0000000008001a20                EXTI3_IRQHandler
                0x0000000008001a20                EXTI0_IRQHandler
                0x0000000008001a20                I2C2_EV_IRQHandler
                0x0000000008001a20                SPI1_IRQHandler
                0x0000000008001a20                USB_FS_WKUP_IRQHandler
                0x0000000008001a20                DMA2_Channel2_IRQHandler
                0x0000000008001a20                DMA1_Channel4_IRQHandler
                0x0000000008001a20                ADC1_IRQHandler
                0x0000000008001a20                USART3_IRQHandler
                0x0000000008001a20                DMA1_Channel7_IRQHandler
                0x0000000008001a20                DMA2_Channel1_IRQHandler
                0x0000000008001a20                I2C1_EV_IRQHandler
                0x0000000008001a20                DMA1_Channel6_IRQHandler
                0x0000000008001a20                DMA2_Channel4_IRQHandler
                0x0000000008001a20                TIM3_IRQHandler
                0x0000000008001a20                RCC_IRQHandler
                0x0000000008001a20                DMA1_Channel1_IRQHandler
                0x0000000008001a20                Default_Handler
                0x0000000008001a20                EXTI15_10_IRQHandler
                0x0000000008001a20                TIM7_IRQHandler
                0x0000000008001a20                TIM5_IRQHandler
                0x0000000008001a20                EXTI9_5_IRQHandler
                0x0000000008001a20                TIM9_IRQHandler
                0x0000000008001a20                TAMPER_STAMP_IRQHandler
                0x0000000008001a20                RTC_WKUP_IRQHandler
                0x0000000008001a20                SPI2_IRQHandler
                0x0000000008001a20                DMA2_Channel5_IRQHandler
                0x0000000008001a20                DMA1_Channel5_IRQHandler
                0x0000000008001a20                EXTI4_IRQHandler
                0x0000000008001a20                DMA1_Channel3_IRQHandler
                0x0000000008001a20                COMP_IRQHandler
                0x0000000008001a20                WWDG_IRQHandler
                0x0000000008001a20                TIM2_IRQHandler
                0x0000000008001a20                DAC_IRQHandler
                0x0000000008001a20                EXTI1_IRQHandler
                0x0000000008001a20                TIM11_IRQHandler
                0x0000000008001a20                USART2_IRQHandler
                0x0000000008001a20                I2C2_ER_IRQHandler
                0x0000000008001a20                DMA1_Channel2_IRQHandler
                0x0000000008001a20                FLASH_IRQHandler
                0x0000000008001a20                USART1_IRQHandler
                0x0000000008001a20                SPI3_IRQHandler
                0x0000000008001a20                I2C1_ER_IRQHandler
                0x0000000008001a20                DMA2_Channel3_IRQHandler
 .text.HAL_Init
                0x0000000008001a22       0x30 ./Drivers/STM32L1xx_HAL_Driver/Src/stm32l1xx_hal.o
                0x0000000008001a22                HAL_Init
 *fill*         0x0000000008001a52        0x2 
 .text.HAL_InitTick
                0x0000000008001a54       0x74 ./Drivers/STM32L1xx_HAL_Driver/Src/stm32l1xx_hal.o
                0x0000000008001a54                HAL_InitTick
 .text.HAL_IncTick
                0x0000000008001ac8       0x24 ./Drivers/STM32L1xx_HAL_Driver/Src/stm32l1xx_hal.o
                0x0000000008001ac8                HAL_IncTick
 .text.HAL_GetTick
                0x0000000008001aec       0x14 ./Drivers/STM32L1xx_HAL_Driver/Src/stm32l1xx_hal.o
                0x0000000008001aec                HAL_GetTick
 .text.HAL_Delay
                0x0000000008001b00       0x44 ./Drivers/STM32L1xx_HAL_Driver/Src/stm32l1xx_hal.o
                0x0000000008001b00                HAL_Delay
 .text.__NVIC_SetPriorityGrouping
                0x0000000008001b44       0x48 ./Drivers/STM32L1xx_HAL_Driver/Src/stm32l1xx_hal_cortex.o
 .text.__NVIC_GetPriorityGrouping
                0x0000000008001b8c       0x1c ./Drivers/STM32L1xx_HAL_Driver/Src/stm32l1xx_hal_cortex.o
 .text.__NVIC_EnableIRQ
                0x0000000008001ba8       0x38 ./Drivers/STM32L1xx_HAL_Driver/Src/stm32l1xx_hal_cortex.o
 .text.__NVIC_SetPriority
                0x0000000008001be0       0x54 ./Drivers/STM32L1xx_HAL_Driver/Src/stm32l1xx_hal_cortex.o
 .text.NVIC_EncodePriority
                0x0000000008001c34       0x64 ./Drivers/STM32L1xx_HAL_Driver/Src/stm32l1xx_hal_cortex.o
 .text.SysTick_Config
                0x0000000008001c98       0x44 ./Drivers/STM32L1xx_HAL_Driver/Src/stm32l1xx_hal_cortex.o
 .text.HAL_NVIC_SetPriorityGrouping
                0x0000000008001cdc       0x16 ./Drivers/STM32L1xx_HAL_Driver/Src/stm32l1xx_hal_cortex.o
                0x0000000008001cdc                HAL_NVIC_SetPriorityGrouping
 .text.HAL_NVIC_SetPriority
                0x0000000008001cf2       0x38 ./Drivers/STM32L1xx_HAL_Driver/Src/stm32l1xx_hal_cortex.o
                0x0000000008001cf2                HAL_NVIC_SetPriority
 .text.HAL_NVIC_EnableIRQ
                0x0000000008001d2a       0x1c ./Drivers/STM32L1xx_HAL_Driver/Src/stm32l1xx_hal_cortex.o
                0x0000000008001d2a                HAL_NVIC_EnableIRQ
 .text.HAL_SYSTICK_Config
                0x0000000008001d46       0x18 ./Drivers/STM32L1xx_HAL_Driver/Src/stm32l1xx_hal_cortex.o
                0x0000000008001d46                HAL_SYSTICK_Config
 *fill*         0x0000000008001d5e        0x2 
 .text.HAL_GPIO_Init
                0x0000000008001d60      0x300 ./Drivers/STM32L1xx_HAL_Driver/Src/stm32l1xx_hal_gpio.o
                0x0000000008001d60                HAL_GPIO_Init
 .text.HAL_GPIO_WritePin
                0x0000000008002060       0x30 ./Drivers/STM32L1xx_HAL_Driver/Src/stm32l1xx_hal_gpio.o
                0x0000000008002060                HAL_GPIO_WritePin
 .text.HAL_PCD_Init
                0x0000000008002090      0x168 ./Drivers/STM32L1xx_HAL_Driver/Src/stm32l1xx_hal_pcd.o
                0x0000000008002090                HAL_PCD_Init
 .text.HAL_PCD_Start
                0x00000000080021f8       0x4c ./Drivers/STM32L1xx_HAL_Driver/Src/stm32l1xx_hal_pcd.o
                0x00000000080021f8                HAL_PCD_Start
 .text.HAL_PCD_IRQHandler
                0x0000000008002244      0x204 ./Drivers/STM32L1xx_HAL_Driver/Src/stm32l1xx_hal_pcd.o
                0x0000000008002244                HAL_PCD_IRQHandler
 .text.HAL_PCD_SetAddress
                0x0000000008002448       0x4a ./Drivers/STM32L1xx_HAL_Driver/Src/stm32l1xx_hal_pcd.o
                0x0000000008002448                HAL_PCD_SetAddress
 .text.HAL_PCD_EP_Open
                0x0000000008002492       0xc0 ./Drivers/STM32L1xx_HAL_Driver/Src/stm32l1xx_hal_pcd.o
                0x0000000008002492                HAL_PCD_EP_Open
 .text.HAL_PCD_EP_Close
                0x0000000008002552       0x84 ./Drivers/STM32L1xx_HAL_Driver/Src/stm32l1xx_hal_pcd.o
                0x0000000008002552                HAL_PCD_EP_Close
 .text.HAL_PCD_EP_Receive
                0x00000000080025d6       0x74 ./Drivers/STM32L1xx_HAL_Driver/Src/stm32l1xx_hal_pcd.o
                0x00000000080025d6                HAL_PCD_EP_Receive
 .text.HAL_PCD_EP_GetRxCount
                0x000000000800264a       0x28 ./Drivers/STM32L1xx_HAL_Driver/Src/stm32l1xx_hal_pcd.o
                0x000000000800264a                HAL_PCD_EP_GetRxCount
 .text.HAL_PCD_EP_Transmit
                0x0000000008002672       0x72 ./Drivers/STM32L1xx_HAL_Driver/Src/stm32l1xx_hal_pcd.o
                0x0000000008002672                HAL_PCD_EP_Transmit
 .text.HAL_PCD_EP_SetStall
                0x00000000080026e4       0xb4 ./Drivers/STM32L1xx_HAL_Driver/Src/stm32l1xx_hal_pcd.o
                0x00000000080026e4                HAL_PCD_EP_SetStall
 .text.HAL_PCD_EP_ClrStall
                0x0000000008002798       0x9c ./Drivers/STM32L1xx_HAL_Driver/Src/stm32l1xx_hal_pcd.o
                0x0000000008002798                HAL_PCD_EP_ClrStall
 .text.PCD_EP_ISR_Handler
                0x0000000008002834      0x524 ./Drivers/STM32L1xx_HAL_Driver/Src/stm32l1xx_hal_pcd.o
 .text.HAL_PCDEx_PMAConfig
                0x0000000008002d58       0x78 ./Drivers/STM32L1xx_HAL_Driver/Src/stm32l1xx_hal_pcd_ex.o
                0x0000000008002d58                HAL_PCDEx_PMAConfig
 .text.HAL_PCDEx_SetConnectionState
                0x0000000008002dd0       0x16 ./Drivers/STM32L1xx_HAL_Driver/Src/stm32l1xx_hal_pcd_ex.o
                0x0000000008002dd0                HAL_PCDEx_SetConnectionState
 *fill*         0x0000000008002de6        0x2 
 .text.HAL_RCC_OscConfig
                0x0000000008002de8      0x660 ./Drivers/STM32L1xx_HAL_Driver/Src/stm32l1xx_hal_rcc.o
                0x0000000008002de8                HAL_RCC_OscConfig
 .text.HAL_RCC_ClockConfig
                0x0000000008003448      0x268 ./Drivers/STM32L1xx_HAL_Driver/Src/stm32l1xx_hal_rcc.o
                0x0000000008003448                HAL_RCC_ClockConfig
 .text.HAL_RCC_GetSysClockFreq
                0x00000000080036b0       0xb8 ./Drivers/STM32L1xx_HAL_Driver/Src/stm32l1xx_hal_rcc.o
                0x00000000080036b0                HAL_RCC_GetSysClockFreq
 .text.RCC_SetFlashLatencyFromMSIRange
                0x0000000008003768       0xc0 ./Drivers/STM32L1xx_HAL_Driver/Src/stm32l1xx_hal_rcc.o
 .text.HAL_RCCEx_PeriphCLKConfig
                0x0000000008003828      0x190 ./Drivers/STM32L1xx_HAL_Driver/Src/stm32l1xx_hal_rcc_ex.o
                0x0000000008003828                HAL_RCCEx_PeriphCLKConfig
 .text.HAL_RTC_Init
                0x00000000080039b8       0xf6 ./Drivers/STM32L1xx_HAL_Driver/Src/stm32l1xx_hal_rtc.o
                0x00000000080039b8                HAL_RTC_Init
 .text.HAL_RTC_SetTime
                0x0000000008003aae      0x168 ./Drivers/STM32L1xx_HAL_Driver/Src/stm32l1xx_hal_rtc.o
                0x0000000008003aae                HAL_RTC_SetTime
 .text.HAL_RTC_SetDate
                0x0000000008003c16      0x13c ./Drivers/STM32L1xx_HAL_Driver/Src/stm32l1xx_hal_rtc.o
                0x0000000008003c16                HAL_RTC_SetDate
 .text.HAL_RTC_SetAlarm
                0x0000000008003d52      0x228 ./Drivers/STM32L1xx_HAL_Driver/Src/stm32l1xx_hal_rtc.o
                0x0000000008003d52                HAL_RTC_SetAlarm
 .text.HAL_RTC_WaitForSynchro
                0x0000000008003f7a       0x5a ./Drivers/STM32L1xx_HAL_Driver/Src/stm32l1xx_hal_rtc.o
                0x0000000008003f7a                HAL_RTC_WaitForSynchro
 .text.RTC_EnterInitMode
                0x0000000008003fd4       0x54 ./Drivers/STM32L1xx_HAL_Driver/Src/stm32l1xx_hal_rtc.o
                0x0000000008003fd4                RTC_EnterInitMode
 .text.RTC_ByteToBcd2
                0x0000000008004028       0x3e ./Drivers/STM32L1xx_HAL_Driver/Src/stm32l1xx_hal_rtc.o
                0x0000000008004028                RTC_ByteToBcd2
 .text.HAL_RTCEx_SetWakeUpTimer
                0x0000000008004066      0x124 ./Drivers/STM32L1xx_HAL_Driver/Src/stm32l1xx_hal_rtc_ex.o
                0x0000000008004066                HAL_RTCEx_SetWakeUpTimer
 .text.HAL_SPI_Init
                0x000000000800418a       0xc8 ./Drivers/STM32L1xx_HAL_Driver/Src/stm32l1xx_hal_spi.o
                0x000000000800418a                HAL_SPI_Init
 .text.HAL_SPI_Transmit
                0x0000000008004252      0x268 ./Drivers/STM32L1xx_HAL_Driver/Src/stm32l1xx_hal_spi.o
                0x0000000008004252                HAL_SPI_Transmit
 .text.HAL_SPI_Receive
                0x00000000080044ba      0x212 ./Drivers/STM32L1xx_HAL_Driver/Src/stm32l1xx_hal_spi.o
                0x00000000080044ba                HAL_SPI_Receive
 .text.HAL_SPI_TransmitReceive
                0x00000000080046cc      0x344 ./Drivers/STM32L1xx_HAL_Driver/Src/stm32l1xx_hal_spi.o
                0x00000000080046cc                HAL_SPI_TransmitReceive
 .text.SPI_WaitFlagStateUntilTimeout
                0x0000000008004a10       0xd4 ./Drivers/STM32L1xx_HAL_Driver/Src/stm32l1xx_hal_spi.o
 .text.SPI_EndRxTransaction
                0x0000000008004ae4       0xca ./Drivers/STM32L1xx_HAL_Driver/Src/stm32l1xx_hal_spi.o
 .text.SPI_EndRxTxTransaction
                0x0000000008004bae       0x78 ./Drivers/STM32L1xx_HAL_Driver/Src/stm32l1xx_hal_spi.o
 .text.HAL_TIM_Base_Init
                0x0000000008004c26       0x56 ./Drivers/STM32L1xx_HAL_Driver/Src/stm32l1xx_hal_tim.o
                0x0000000008004c26                HAL_TIM_Base_Init
 .text.HAL_TIM_Base_Stop_IT
                0x0000000008004c7c       0x44 ./Drivers/STM32L1xx_HAL_Driver/Src/stm32l1xx_hal_tim.o
                0x0000000008004c7c                HAL_TIM_Base_Stop_IT
 .text.HAL_TIM_IRQHandler
                0x0000000008004cc0      0x1b8 ./Drivers/STM32L1xx_HAL_Driver/Src/stm32l1xx_hal_tim.o
                0x0000000008004cc0                HAL_TIM_IRQHandler
 .text.HAL_TIM_ConfigClockSource
                0x0000000008004e78      0x188 ./Drivers/STM32L1xx_HAL_Driver/Src/stm32l1xx_hal_tim.o
                0x0000000008004e78                HAL_TIM_ConfigClockSource
 .text.HAL_TIM_OC_DelayElapsedCallback
                0x0000000008005000       0x12 ./Drivers/STM32L1xx_HAL_Driver/Src/stm32l1xx_hal_tim.o
                0x0000000008005000                HAL_TIM_OC_DelayElapsedCallback
 .text.HAL_TIM_IC_CaptureCallback
                0x0000000008005012       0x12 ./Drivers/STM32L1xx_HAL_Driver/Src/stm32l1xx_hal_tim.o
                0x0000000008005012                HAL_TIM_IC_CaptureCallback
 .text.HAL_TIM_PWM_PulseFinishedCallback
                0x0000000008005024       0x12 ./Drivers/STM32L1xx_HAL_Driver/Src/stm32l1xx_hal_tim.o
                0x0000000008005024                HAL_TIM_PWM_PulseFinishedCallback
 .text.HAL_TIM_TriggerCallback
                0x0000000008005036       0x12 ./Drivers/STM32L1xx_HAL_Driver/Src/stm32l1xx_hal_tim.o
                0x0000000008005036                HAL_TIM_TriggerCallback
 .text.TIM_Base_SetConfig
                0x0000000008005048       0xe0 ./Drivers/STM32L1xx_HAL_Driver/Src/stm32l1xx_hal_tim.o
 .text.TIM_TI1_ConfigInputStage
                0x0000000008005128       0x5c ./Drivers/STM32L1xx_HAL_Driver/Src/stm32l1xx_hal_tim.o
 .text.TIM_TI2_ConfigInputStage
                0x0000000008005184       0x5e ./Drivers/STM32L1xx_HAL_Driver/Src/stm32l1xx_hal_tim.o
 .text.TIM_ITRx_SetConfig
                0x00000000080051e2       0x34 ./Drivers/STM32L1xx_HAL_Driver/Src/stm32l1xx_hal_tim.o
 .text.TIM_ETR_SetConfig
                0x0000000008005216       0x3e ./Drivers/STM32L1xx_HAL_Driver/Src/stm32l1xx_hal_tim.o
 .text.HAL_TIMEx_MasterConfigSynchronization
                0x0000000008005254       0x88 ./Drivers/STM32L1xx_HAL_Driver/Src/stm32l1xx_hal_tim_ex.o
                0x0000000008005254                HAL_TIMEx_MasterConfigSynchronization
 .text.USB_EnableGlobalInt
                0x00000000080052dc       0x2e ./Drivers/STM32L1xx_HAL_Driver/Src/stm32l1xx_ll_usb.o
                0x00000000080052dc                USB_EnableGlobalInt
 .text.USB_DisableGlobalInt
                0x000000000800530a       0x38 ./Drivers/STM32L1xx_HAL_Driver/Src/stm32l1xx_ll_usb.o
                0x000000000800530a                USB_DisableGlobalInt
 .text.USB_DevInit
                0x0000000008005342       0x48 ./Drivers/STM32L1xx_HAL_Driver/Src/stm32l1xx_ll_usb.o
                0x0000000008005342                USB_DevInit
 *fill*         0x000000000800538a        0x2 
 .text.USB_ActivateEndpoint
                0x000000000800538c      0x5d0 ./Drivers/STM32L1xx_HAL_Driver/Src/stm32l1xx_ll_usb.o
                0x000000000800538c                USB_ActivateEndpoint
 .text.USB_DeactivateEndpoint
                0x000000000800595c      0x32c ./Drivers/STM32L1xx_HAL_Driver/Src/stm32l1xx_ll_usb.o
                0x000000000800595c                USB_DeactivateEndpoint
 .text.USB_EPStartXfer
                0x0000000008005c88      0x554 ./Drivers/STM32L1xx_HAL_Driver/Src/stm32l1xx_ll_usb.o
                0x0000000008005c88                USB_EPStartXfer
 .text.USB_EPSetStall
                0x00000000080061dc       0x84 ./Drivers/STM32L1xx_HAL_Driver/Src/stm32l1xx_ll_usb.o
                0x00000000080061dc                USB_EPSetStall
 .text.USB_EPClearStall
                0x0000000008006260      0x128 ./Drivers/STM32L1xx_HAL_Driver/Src/stm32l1xx_ll_usb.o
                0x0000000008006260                USB_EPClearStall
 .text.USB_SetDevAddress
                0x0000000008006388       0x26 ./Drivers/STM32L1xx_HAL_Driver/Src/stm32l1xx_ll_usb.o
                0x0000000008006388                USB_SetDevAddress
 .text.USB_DevConnect
                0x00000000080063ae       0x14 ./Drivers/STM32L1xx_HAL_Driver/Src/stm32l1xx_ll_usb.o
                0x00000000080063ae                USB_DevConnect
 .text.USB_ReadInterrupts
                0x00000000080063c2       0x1e ./Drivers/STM32L1xx_HAL_Driver/Src/stm32l1xx_ll_usb.o
                0x00000000080063c2                USB_ReadInterrupts
 .text.USB_EP0_OutStart
                0x00000000080063e0       0x16 ./Drivers/STM32L1xx_HAL_Driver/Src/stm32l1xx_ll_usb.o
                0x00000000080063e0                USB_EP0_OutStart
 .text.USB_WritePMA
                0x00000000080063f6       0x8a ./Drivers/STM32L1xx_HAL_Driver/Src/stm32l1xx_ll_usb.o
                0x00000000080063f6                USB_WritePMA
 .text.USB_ReadPMA
                0x0000000008006480       0x9a ./Drivers/STM32L1xx_HAL_Driver/Src/stm32l1xx_ll_usb.o
                0x0000000008006480                USB_ReadPMA
 .text.USBD_CDC_Init
                0x000000000800651a       0xf4 ./Middlewares/ST/STM32_USB_Device_Library/Class/CDC/Src/usbd_cdc.o
 .text.USBD_CDC_DeInit
                0x000000000800660e       0x6e ./Middlewares/ST/STM32_USB_Device_Library/Class/CDC/Src/usbd_cdc.o
 .text.USBD_CDC_Setup
                0x000000000800667c      0x146 ./Middlewares/ST/STM32_USB_Device_Library/Class/CDC/Src/usbd_cdc.o
 .text.USBD_CDC_DataIn
                0x00000000080067c2       0xa0 ./Middlewares/ST/STM32_USB_Device_Library/Class/CDC/Src/usbd_cdc.o
 .text.USBD_CDC_DataOut
                0x0000000008006862       0x56 ./Middlewares/ST/STM32_USB_Device_Library/Class/CDC/Src/usbd_cdc.o
 .text.USBD_CDC_EP0_RxReady
                0x00000000080068b8       0x50 ./Middlewares/ST/STM32_USB_Device_Library/Class/CDC/Src/usbd_cdc.o
 .text.USBD_CDC_GetFSCfgDesc
                0x0000000008006908       0x20 ./Middlewares/ST/STM32_USB_Device_Library/Class/CDC/Src/usbd_cdc.o
 .text.USBD_CDC_GetHSCfgDesc
                0x0000000008006928       0x20 ./Middlewares/ST/STM32_USB_Device_Library/Class/CDC/Src/usbd_cdc.o
 .text.USBD_CDC_GetOtherSpeedCfgDesc
                0x0000000008006948       0x20 ./Middlewares/ST/STM32_USB_Device_Library/Class/CDC/Src/usbd_cdc.o
 .text.USBD_CDC_GetDeviceQualifierDescriptor
                0x0000000008006968       0x20 ./Middlewares/ST/STM32_USB_Device_Library/Class/CDC/Src/usbd_cdc.o
                0x0000000008006968                USBD_CDC_GetDeviceQualifierDescriptor
 .text.USBD_CDC_RegisterInterface
                0x0000000008006988       0x2c ./Middlewares/ST/STM32_USB_Device_Library/Class/CDC/Src/usbd_cdc.o
                0x0000000008006988                USBD_CDC_RegisterInterface
 .text.USBD_CDC_SetTxBuffer
                0x00000000080069b4       0x32 ./Middlewares/ST/STM32_USB_Device_Library/Class/CDC/Src/usbd_cdc.o
                0x00000000080069b4                USBD_CDC_SetTxBuffer
 .text.USBD_CDC_SetRxBuffer
                0x00000000080069e6       0x26 ./Middlewares/ST/STM32_USB_Device_Library/Class/CDC/Src/usbd_cdc.o
                0x00000000080069e6                USBD_CDC_SetRxBuffer
 .text.USBD_CDC_TransmitPacket
                0x0000000008006a0c       0x5e ./Middlewares/ST/STM32_USB_Device_Library/Class/CDC/Src/usbd_cdc.o
                0x0000000008006a0c                USBD_CDC_TransmitPacket
 .text.USBD_CDC_ReceivePacket
                0x0000000008006a6a       0x54 ./Middlewares/ST/STM32_USB_Device_Library/Class/CDC/Src/usbd_cdc.o
                0x0000000008006a6a                USBD_CDC_ReceivePacket
 .text.USBD_Init
                0x0000000008006abe       0x56 ./Middlewares/ST/STM32_USB_Device_Library/Core/Src/usbd_core.o
                0x0000000008006abe                USBD_Init
 .text.USBD_RegisterClass
                0x0000000008006b14       0x32 ./Middlewares/ST/STM32_USB_Device_Library/Core/Src/usbd_core.o
                0x0000000008006b14                USBD_RegisterClass
 .text.USBD_Start
                0x0000000008006b46       0x18 ./Middlewares/ST/STM32_USB_Device_Library/Core/Src/usbd_core.o
                0x0000000008006b46                USBD_Start
 .text.USBD_RunTestMode
                0x0000000008006b5e       0x14 ./Middlewares/ST/STM32_USB_Device_Library/Core/Src/usbd_core.o
                0x0000000008006b5e                USBD_RunTestMode
 .text.USBD_SetClassConfig
                0x0000000008006b72       0x3e ./Middlewares/ST/STM32_USB_Device_Library/Core/Src/usbd_core.o
                0x0000000008006b72                USBD_SetClassConfig
 .text.USBD_ClrClassConfig
                0x0000000008006bb0       0x26 ./Middlewares/ST/STM32_USB_Device_Library/Core/Src/usbd_core.o
                0x0000000008006bb0                USBD_ClrClassConfig
 .text.USBD_LL_SetupStage
                0x0000000008006bd6       0x9a ./Middlewares/ST/STM32_USB_Device_Library/Core/Src/usbd_core.o
                0x0000000008006bd6                USBD_LL_SetupStage
 .text.USBD_LL_DataOutStage
                0x0000000008006c70       0xe2 ./Middlewares/ST/STM32_USB_Device_Library/Core/Src/usbd_core.o
                0x0000000008006c70                USBD_LL_DataOutStage
 .text.USBD_LL_DataInStage
                0x0000000008006d52      0x14a ./Middlewares/ST/STM32_USB_Device_Library/Core/Src/usbd_core.o
                0x0000000008006d52                USBD_LL_DataInStage
 .text.USBD_LL_Reset
                0x0000000008006e9c       0x82 ./Middlewares/ST/STM32_USB_Device_Library/Core/Src/usbd_core.o
                0x0000000008006e9c                USBD_LL_Reset
 .text.USBD_LL_SetSpeed
                0x0000000008006f1e       0x1e ./Middlewares/ST/STM32_USB_Device_Library/Core/Src/usbd_core.o
                0x0000000008006f1e                USBD_LL_SetSpeed
 .text.USBD_LL_Suspend
                0x0000000008006f3c       0x28 ./Middlewares/ST/STM32_USB_Device_Library/Core/Src/usbd_core.o
                0x0000000008006f3c                USBD_LL_Suspend
 .text.USBD_LL_Resume
                0x0000000008006f64       0x20 ./Middlewares/ST/STM32_USB_Device_Library/Core/Src/usbd_core.o
                0x0000000008006f64                USBD_LL_Resume
 .text.USBD_LL_SOF
                0x0000000008006f84       0x34 ./Middlewares/ST/STM32_USB_Device_Library/Core/Src/usbd_core.o
                0x0000000008006f84                USBD_LL_SOF
 .text.USBD_StdDevReq
                0x0000000008006fb8       0xd4 ./Middlewares/ST/STM32_USB_Device_Library/Core/Src/usbd_ctlreq.o
                0x0000000008006fb8                USBD_StdDevReq
 .text.USBD_StdItfReq
                0x000000000800708c       0x90 ./Middlewares/ST/STM32_USB_Device_Library/Core/Src/usbd_ctlreq.o
                0x000000000800708c                USBD_StdItfReq
 .text.USBD_StdEPReq
                0x000000000800711c      0x2c2 ./Middlewares/ST/STM32_USB_Device_Library/Core/Src/usbd_ctlreq.o
                0x000000000800711c                USBD_StdEPReq
 *fill*         0x00000000080073de        0x2 
 .text.USBD_GetDescriptor
                0x00000000080073e0      0x1f4 ./Middlewares/ST/STM32_USB_Device_Library/Core/Src/usbd_ctlreq.o
 .text.USBD_SetAddress
                0x00000000080075d4       0x86 ./Middlewares/ST/STM32_USB_Device_Library/Core/Src/usbd_ctlreq.o
 *fill*         0x000000000800765a        0x2 
 .text.USBD_SetConfig
                0x000000000800765c      0x11c ./Middlewares/ST/STM32_USB_Device_Library/Core/Src/usbd_ctlreq.o
 .text.USBD_GetConfig
                0x0000000008007778       0x6a ./Middlewares/ST/STM32_USB_Device_Library/Core/Src/usbd_ctlreq.o
 .text.USBD_GetStatus
                0x00000000080077e2       0x66 ./Middlewares/ST/STM32_USB_Device_Library/Core/Src/usbd_ctlreq.o
 .text.USBD_SetFeature
                0x0000000008007848       0x28 ./Middlewares/ST/STM32_USB_Device_Library/Core/Src/usbd_ctlreq.o
 .text.USBD_ClrFeature
                0x0000000008007870       0x42 ./Middlewares/ST/STM32_USB_Device_Library/Core/Src/usbd_ctlreq.o
 .text.USBD_ParseSetupRequest
                0x00000000080078b2       0x78 ./Middlewares/ST/STM32_USB_Device_Library/Core/Src/usbd_ctlreq.o
                0x00000000080078b2                USBD_ParseSetupRequest
 .text.USBD_CtlError
                0x000000000800792a       0x22 ./Middlewares/ST/STM32_USB_Device_Library/Core/Src/usbd_ctlreq.o
                0x000000000800792a                USBD_CtlError
 .text.USBD_GetString
                0x000000000800794c       0x84 ./Middlewares/ST/STM32_USB_Device_Library/Core/Src/usbd_ctlreq.o
                0x000000000800794c                USBD_GetString
 .text.USBD_GetLen
                0x00000000080079d0       0x2e ./Middlewares/ST/STM32_USB_Device_Library/Core/Src/usbd_ctlreq.o
 .text.USBD_CtlSendData
                0x00000000080079fe       0x38 ./Middlewares/ST/STM32_USB_Device_Library/Core/Src/usbd_ioreq.o
                0x00000000080079fe                USBD_CtlSendData
 .text.USBD_CtlContinueSendData
                0x0000000008007a36       0x24 ./Middlewares/ST/STM32_USB_Device_Library/Core/Src/usbd_ioreq.o
                0x0000000008007a36                USBD_CtlContinueSendData
 .text.USBD_CtlPrepareRx
                0x0000000008007a5a       0x3c ./Middlewares/ST/STM32_USB_Device_Library/Core/Src/usbd_ioreq.o
                0x0000000008007a5a                USBD_CtlPrepareRx
 .text.USBD_CtlContinueRx
                0x0000000008007a96       0x24 ./Middlewares/ST/STM32_USB_Device_Library/Core/Src/usbd_ioreq.o
                0x0000000008007a96                USBD_CtlContinueRx
 .text.USBD_CtlSendStatus
                0x0000000008007aba       0x26 ./Middlewares/ST/STM32_USB_Device_Library/Core/Src/usbd_ioreq.o
                0x0000000008007aba                USBD_CtlSendStatus
 .text.USBD_CtlReceiveStatus
                0x0000000008007ae0       0x26 ./Middlewares/ST/STM32_USB_Device_Library/Core/Src/usbd_ioreq.o
                0x0000000008007ae0                USBD_CtlReceiveStatus
 *fill*         0x0000000008007b06        0x2 
 .text.MX_USB_DEVICE_Init
                0x0000000008007b08       0x60 ./USB_DEVICE/App/usb_device.o
                0x0000000008007b08                MX_USB_DEVICE_Init
 .text.CDC_Init_FS
                0x0000000008007b68       0x28 ./USB_DEVICE/App/usbd_cdc_if.o
 .text.CDC_DeInit_FS
                0x0000000008007b90        0xe ./USB_DEVICE/App/usbd_cdc_if.o
 *fill*         0x0000000008007b9e        0x2 
 .text.CDC_Control_FS
                0x0000000008007ba0       0xbc ./USB_DEVICE/App/usbd_cdc_if.o
 .text.CDC_Receive_FS
                0x0000000008007c5c       0x5c ./USB_DEVICE/App/usbd_cdc_if.o
 .text.CDC_Transmit_FS
                0x0000000008007cb8       0x4c ./USB_DEVICE/App/usbd_cdc_if.o
                0x0000000008007cb8                CDC_Transmit_FS
 .text.usb_printf
                0x0000000008007d04       0x40 ./USB_DEVICE/App/usbd_cdc_if.o
                0x0000000008007d04                usb_printf
 .text.USBD_FS_DeviceDescriptor
                0x0000000008007d44       0x24 ./USB_DEVICE/App/usbd_desc.o
                0x0000000008007d44                USBD_FS_DeviceDescriptor
 .text.USBD_FS_LangIDStrDescriptor
                0x0000000008007d68       0x24 ./USB_DEVICE/App/usbd_desc.o
                0x0000000008007d68                USBD_FS_LangIDStrDescriptor
 .text.USBD_FS_ProductStrDescriptor
                0x0000000008007d8c       0x3c ./USB_DEVICE/App/usbd_desc.o
                0x0000000008007d8c                USBD_FS_ProductStrDescriptor
 .text.USBD_FS_ManufacturerStrDescriptor
                0x0000000008007dc8       0x28 ./USB_DEVICE/App/usbd_desc.o
                0x0000000008007dc8                USBD_FS_ManufacturerStrDescriptor
 .text.USBD_FS_SerialStrDescriptor
                0x0000000008007df0       0x24 ./USB_DEVICE/App/usbd_desc.o
                0x0000000008007df0                USBD_FS_SerialStrDescriptor
 .text.USBD_FS_ConfigStrDescriptor
                0x0000000008007e14       0x3c ./USB_DEVICE/App/usbd_desc.o
                0x0000000008007e14                USBD_FS_ConfigStrDescriptor
 .text.USBD_FS_InterfaceStrDescriptor
                0x0000000008007e50       0x3c ./USB_DEVICE/App/usbd_desc.o
                0x0000000008007e50                USBD_FS_InterfaceStrDescriptor
 .text.Get_SerialNum
                0x0000000008007e8c       0x58 ./USB_DEVICE/App/usbd_desc.o
 .text.IntToUnicode
                0x0000000008007ee4       0x7c ./USB_DEVICE/App/usbd_desc.o
 .text.HAL_PCD_MspInit
                0x0000000008007f60       0x4c ./USB_DEVICE/Target/usbd_conf.o
                0x0000000008007f60                HAL_PCD_MspInit
 .text.HAL_PCD_SetupStageCallback
                0x0000000008007fac       0x24 ./USB_DEVICE/Target/usbd_conf.o
                0x0000000008007fac                HAL_PCD_SetupStageCallback
 .text.HAL_PCD_DataOutStageCallback
                0x0000000008007fd0       0x30 ./USB_DEVICE/Target/usbd_conf.o
                0x0000000008007fd0                HAL_PCD_DataOutStageCallback
 .text.HAL_PCD_DataInStageCallback
                0x0000000008008000       0x2e ./USB_DEVICE/Target/usbd_conf.o
                0x0000000008008000                HAL_PCD_DataInStageCallback
 .text.HAL_PCD_SOFCallback
                0x000000000800802e       0x1c ./USB_DEVICE/Target/usbd_conf.o
                0x000000000800802e                HAL_PCD_SOFCallback
 .text.HAL_PCD_ResetCallback
                0x000000000800804a       0x3c ./USB_DEVICE/Target/usbd_conf.o
                0x000000000800804a                HAL_PCD_ResetCallback
 *fill*         0x0000000008008086        0x2 
 .text.HAL_PCD_SuspendCallback
                0x0000000008008088       0x34 ./USB_DEVICE/Target/usbd_conf.o
                0x0000000008008088                HAL_PCD_SuspendCallback
 .text.HAL_PCD_ResumeCallback
                0x00000000080080bc       0x1c ./USB_DEVICE/Target/usbd_conf.o
                0x00000000080080bc                HAL_PCD_ResumeCallback
 .text.USBD_LL_Init
                0x00000000080080d8       0xb4 ./USB_DEVICE/Target/usbd_conf.o
                0x00000000080080d8                USBD_LL_Init
 .text.USBD_LL_Start
                0x000000000800818c       0x36 ./USB_DEVICE/Target/usbd_conf.o
                0x000000000800818c                USBD_LL_Start
 .text.USBD_LL_OpenEP
                0x00000000080081c2       0x4c ./USB_DEVICE/Target/usbd_conf.o
                0x00000000080081c2                USBD_LL_OpenEP
 .text.USBD_LL_CloseEP
                0x000000000800820e       0x3e ./USB_DEVICE/Target/usbd_conf.o
                0x000000000800820e                USBD_LL_CloseEP
 .text.USBD_LL_StallEP
                0x000000000800824c       0x3e ./USB_DEVICE/Target/usbd_conf.o
                0x000000000800824c                USBD_LL_StallEP
 .text.USBD_LL_ClearStallEP
                0x000000000800828a       0x3e ./USB_DEVICE/Target/usbd_conf.o
                0x000000000800828a                USBD_LL_ClearStallEP
 .text.USBD_LL_IsStallEP
                0x00000000080082c8       0x4a ./USB_DEVICE/Target/usbd_conf.o
                0x00000000080082c8                USBD_LL_IsStallEP
 .text.USBD_LL_SetUSBAddress
                0x0000000008008312       0x3e ./USB_DEVICE/Target/usbd_conf.o
                0x0000000008008312                USBD_LL_SetUSBAddress
 .text.USBD_LL_Transmit
                0x0000000008008350       0x46 ./USB_DEVICE/Target/usbd_conf.o
                0x0000000008008350                USBD_LL_Transmit
 .text.USBD_LL_PrepareReceive
                0x0000000008008396       0x46 ./USB_DEVICE/Target/usbd_conf.o
                0x0000000008008396                USBD_LL_PrepareReceive
 .text.USBD_LL_GetRxDataSize
                0x00000000080083dc       0x26 ./USB_DEVICE/Target/usbd_conf.o
                0x00000000080083dc                USBD_LL_GetRxDataSize
 *fill*         0x0000000008008402        0x2 
 .text.USBD_static_malloc
                0x0000000008008404       0x18 ./USB_DEVICE/Target/usbd_conf.o
                0x0000000008008404                USBD_static_malloc
 .text.USBD_static_free
                0x000000000800841c       0x12 ./USB_DEVICE/Target/usbd_conf.o
                0x000000000800841c                USBD_static_free
 *fill*         0x000000000800842e        0x2 
 .text.USBD_Get_USB_Status
                0x0000000008008430       0x58 ./USB_DEVICE/Target/usbd_conf.o
 .text.__errno  0x0000000008008488        0xc c:/st/stm32cubeide_1.11.0/stm32cubeide/plugins/com.st.stm32cube.ide.mcu.externaltools.gnu-tools-for-stm32.10.3-2021.10.win32_1.0.100.202210260954/tools/bin/../lib/gcc/arm-none-eabi/10.3.1/../../../../arm-none-eabi/lib/thumb/v7-m/nofp\libc_nano.a(lib_a-errno.o)
                0x0000000008008488                __errno
 .text.__libc_init_array
                0x0000000008008494       0x48 c:/st/stm32cubeide_1.11.0/stm32cubeide/plugins/com.st.stm32cube.ide.mcu.externaltools.gnu-tools-for-stm32.10.3-2021.10.win32_1.0.100.202210260954/tools/bin/../lib/gcc/arm-none-eabi/10.3.1/../../../../arm-none-eabi/lib/thumb/v7-m/nofp\libc_nano.a(lib_a-init.o)
                0x0000000008008494                __libc_init_array
 .text.memcpy   0x00000000080084dc       0x1c c:/st/stm32cubeide_1.11.0/stm32cubeide/plugins/com.st.stm32cube.ide.mcu.externaltools.gnu-tools-for-stm32.10.3-2021.10.win32_1.0.100.202210260954/tools/bin/../lib/gcc/arm-none-eabi/10.3.1/../../../../arm-none-eabi/lib/thumb/v7-m/nofp\libc_nano.a(lib_a-memcpy-stub.o)
                0x00000000080084dc                memcpy
 .text.memset   0x00000000080084f8       0x10 c:/st/stm32cubeide_1.11.0/stm32cubeide/plugins/com.st.stm32cube.ide.mcu.externaltools.gnu-tools-for-stm32.10.3-2021.10.win32_1.0.100.202210260954/tools/bin/../lib/gcc/arm-none-eabi/10.3.1/../../../../arm-none-eabi/lib/thumb/v7-m/nofp\libc_nano.a(lib_a-memset.o)
                0x00000000080084f8                memset
 .text._vsnprintf_r
                0x0000000008008508       0x56 c:/st/stm32cubeide_1.11.0/stm32cubeide/plugins/com.st.stm32cube.ide.mcu.externaltools.gnu-tools-for-stm32.10.3-2021.10.win32_1.0.100.202210260954/tools/bin/../lib/gcc/arm-none-eabi/10.3.1/../../../../arm-none-eabi/lib/thumb/v7-m/nofp\libc_nano.a(lib_a-vsnprintf.o)
                0x0000000008008508                _vsniprintf_r
                0x0000000008008508                _vsnprintf_r
 *fill*         0x000000000800855e        0x2 
 .text.vsnprintf
                0x0000000008008560       0x1c c:/st/stm32cubeide_1.11.0/stm32cubeide/plugins/com.st.stm32cube.ide.mcu.externaltools.gnu-tools-for-stm32.10.3-2021.10.win32_1.0.100.202210260954/tools/bin/../lib/gcc/arm-none-eabi/10.3.1/../../../../arm-none-eabi/lib/thumb/v7-m/nofp\libc_nano.a(lib_a-vsnprintf.o)
                0x0000000008008560                vsniprintf
                0x0000000008008560                vsnprintf
 .text.__ssputs_r
                0x000000000800857c       0xb6 c:/st/stm32cubeide_1.11.0/stm32cubeide/plugins/com.st.stm32cube.ide.mcu.externaltools.gnu-tools-for-stm32.10.3-2021.10.win32_1.0.100.202210260954/tools/bin/../lib/gcc/arm-none-eabi/10.3.1/../../../../arm-none-eabi/lib/thumb/v7-m/nofp\libc_nano.a(lib_a-nano-svfprintf.o)
                0x000000000800857c                __ssputs_r
 *fill*         0x0000000008008632        0x2 
 .text._svfprintf_r
                0x0000000008008634      0x200 c:/st/stm32cubeide_1.11.0/stm32cubeide/plugins/com.st.stm32cube.ide.mcu.externaltools.gnu-tools-for-stm32.10.3-2021.10.win32_1.0.100.202210260954/tools/bin/../lib/gcc/arm-none-eabi/10.3.1/../../../../arm-none-eabi/lib/thumb/v7-m/nofp\libc_nano.a(lib_a-nano-svfprintf.o)
                0x0000000008008634                _svfiprintf_r
                0x0000000008008634                _svfprintf_r
 .text._printf_common
                0x0000000008008834       0xde c:/st/stm32cubeide_1.11.0/stm32cubeide/plugins/com.st.stm32cube.ide.mcu.externaltools.gnu-tools-for-stm32.10.3-2021.10.win32_1.0.100.202210260954/tools/bin/../lib/gcc/arm-none-eabi/10.3.1/../../../../arm-none-eabi/lib/thumb/v7-m/nofp\libc_nano.a(lib_a-nano-vfprintf_i.o)
                0x0000000008008834                _printf_common
 *fill*         0x0000000008008912        0x2 
 .text._printf_i
                0x0000000008008914      0x24c c:/st/stm32cubeide_1.11.0/stm32cubeide/plugins/com.st.stm32cube.ide.mcu.externaltools.gnu-tools-for-stm32.10.3-2021.10.win32_1.0.100.202210260954/tools/bin/../lib/gcc/arm-none-eabi/10.3.1/../../../../arm-none-eabi/lib/thumb/v7-m/nofp\libc_nano.a(lib_a-nano-vfprintf_i.o)
                0x0000000008008914                _printf_i
 .text.memchr   0x0000000008008b60       0x1c c:/st/stm32cubeide_1.11.0/stm32cubeide/plugins/com.st.stm32cube.ide.mcu.externaltools.gnu-tools-for-stm32.10.3-2021.10.win32_1.0.100.202210260954/tools/bin/../lib/gcc/arm-none-eabi/10.3.1/../../../../arm-none-eabi/lib/thumb/v7-m/nofp\libc_nano.a(lib_a-memchr-stub.o)
                0x0000000008008b60                memchr
 .text.memmove  0x0000000008008b7c       0x34 c:/st/stm32cubeide_1.11.0/stm32cubeide/plugins/com.st.stm32cube.ide.mcu.externaltools.gnu-tools-for-stm32.10.3-2021.10.win32_1.0.100.202210260954/tools/bin/../lib/gcc/arm-none-eabi/10.3.1/../../../../arm-none-eabi/lib/thumb/v7-m/nofp\libc_nano.a(lib_a-memmove.o)
                0x0000000008008b7c                memmove
 .text._free_r  0x0000000008008bb0       0x90 c:/st/stm32cubeide_1.11.0/stm32cubeide/plugins/com.st.stm32cube.ide.mcu.externaltools.gnu-tools-for-stm32.10.3-2021.10.win32_1.0.100.202210260954/tools/bin/../lib/gcc/arm-none-eabi/10.3.1/../../../../arm-none-eabi/lib/thumb/v7-m/nofp\libc_nano.a(lib_a-nano-freer.o)
                0x0000000008008bb0                _free_r
 .text.sbrk_aligned
                0x0000000008008c40       0x40 c:/st/stm32cubeide_1.11.0/stm32cubeide/plugins/com.st.stm32cube.ide.mcu.externaltools.gnu-tools-for-stm32.10.3-2021.10.win32_1.0.100.202210260954/tools/bin/../lib/gcc/arm-none-eabi/10.3.1/../../../../arm-none-eabi/lib/thumb/v7-m/nofp\libc_nano.a(lib_a-nano-mallocr.o)
 .text._malloc_r
                0x0000000008008c80       0xe8 c:/st/stm32cubeide_1.11.0/stm32cubeide/plugins/com.st.stm32cube.ide.mcu.externaltools.gnu-tools-for-stm32.10.3-2021.10.win32_1.0.100.202210260954/tools/bin/../lib/gcc/arm-none-eabi/10.3.1/../../../../arm-none-eabi/lib/thumb/v7-m/nofp\libc_nano.a(lib_a-nano-mallocr.o)
                0x0000000008008c80                _malloc_r
 .text._realloc_r
                0x0000000008008d68       0x5e c:/st/stm32cubeide_1.11.0/stm32cubeide/plugins/com.st.stm32cube.ide.mcu.externaltools.gnu-tools-for-stm32.10.3-2021.10.win32_1.0.100.202210260954/tools/bin/../lib/gcc/arm-none-eabi/10.3.1/../../../../arm-none-eabi/lib/thumb/v7-m/nofp\libc_nano.a(lib_a-nano-reallocr.o)
                0x0000000008008d68                _realloc_r
 *fill*         0x0000000008008dc6        0x2 
 .text._sbrk_r  0x0000000008008dc8       0x20 c:/st/stm32cubeide_1.11.0/stm32cubeide/plugins/com.st.stm32cube.ide.mcu.externaltools.gnu-tools-for-stm32.10.3-2021.10.win32_1.0.100.202210260954/tools/bin/../lib/gcc/arm-none-eabi/10.3.1/../../../../arm-none-eabi/lib/thumb/v7-m/nofp\libc_nano.a(lib_a-sbrkr.o)
                0x0000000008008dc8                _sbrk_r
 .text.__malloc_lock
                0x0000000008008de8        0xc c:/st/stm32cubeide_1.11.0/stm32cubeide/plugins/com.st.stm32cube.ide.mcu.externaltools.gnu-tools-for-stm32.10.3-2021.10.win32_1.0.100.202210260954/tools/bin/../lib/gcc/arm-none-eabi/10.3.1/../../../../arm-none-eabi/lib/thumb/v7-m/nofp\libc_nano.a(lib_a-mlock.o)
                0x0000000008008de8                __malloc_lock
 .text.__malloc_unlock
                0x0000000008008df4        0xc c:/st/stm32cubeide_1.11.0/stm32cubeide/plugins/com.st.stm32cube.ide.mcu.externaltools.gnu-tools-for-stm32.10.3-2021.10.win32_1.0.100.202210260954/tools/bin/../lib/gcc/arm-none-eabi/10.3.1/../../../../arm-none-eabi/lib/thumb/v7-m/nofp\libc_nano.a(lib_a-mlock.o)
                0x0000000008008df4                __malloc_unlock
 .text._malloc_usable_size_r
                0x0000000008008e00       0x10 c:/st/stm32cubeide_1.11.0/stm32cubeide/plugins/com.st.stm32cube.ide.mcu.externaltools.gnu-tools-for-stm32.10.3-2021.10.win32_1.0.100.202210260954/tools/bin/../lib/gcc/arm-none-eabi/10.3.1/../../../../arm-none-eabi/lib/thumb/v7-m/nofp\libc_nano.a(lib_a-nano-msizer.o)
                0x0000000008008e00                _malloc_usable_size_r
 .text.__retarget_lock_acquire_recursive
                0x0000000008008e10        0x2 c:/st/stm32cubeide_1.11.0/stm32cubeide/plugins/com.st.stm32cube.ide.mcu.externaltools.gnu-tools-for-stm32.10.3-2021.10.win32_1.0.100.202210260954/tools/bin/../lib/gcc/arm-none-eabi/10.3.1/../../../../arm-none-eabi/lib/thumb/v7-m/nofp\libc_nano.a(lib_a-lock.o)
                0x0000000008008e10                __retarget_lock_acquire_recursive
 .text.__retarget_lock_release_recursive
                0x0000000008008e12        0x2 c:/st/stm32cubeide_1.11.0/stm32cubeide/plugins/com.st.stm32cube.ide.mcu.externaltools.gnu-tools-for-stm32.10.3-2021.10.win32_1.0.100.202210260954/tools/bin/../lib/gcc/arm-none-eabi/10.3.1/../../../../arm-none-eabi/lib/thumb/v7-m/nofp\libc_nano.a(lib_a-lock.o)
                0x0000000008008e12                __retarget_lock_release_recursive
 *(.glue_7)
 .glue_7        0x0000000008008e14        0x0 linker stubs
 *(.glue_7t)
 .glue_7t       0x0000000008008e14        0x0 linker stubs
 *(.eh_frame)
 .eh_frame      0x0000000008008e14        0x0 c:/st/stm32cubeide_1.11.0/stm32cubeide/plugins/com.st.stm32cube.ide.mcu.externaltools.gnu-tools-for-stm32.10.3-2021.10.win32_1.0.100.202210260954/tools/bin/../lib/gcc/arm-none-eabi/10.3.1/thumb/v7-m/nofp/crtbegin.o
 *(.init)
 .init          0x0000000008008e14        0x4 c:/st/stm32cubeide_1.11.0/stm32cubeide/plugins/com.st.stm32cube.ide.mcu.externaltools.gnu-tools-for-stm32.10.3-2021.10.win32_1.0.100.202210260954/tools/bin/../lib/gcc/arm-none-eabi/10.3.1/thumb/v7-m/nofp/crti.o
                0x0000000008008e14                _init
 .init          0x0000000008008e18        0x8 c:/st/stm32cubeide_1.11.0/stm32cubeide/plugins/com.st.stm32cube.ide.mcu.externaltools.gnu-tools-for-stm32.10.3-2021.10.win32_1.0.100.202210260954/tools/bin/../lib/gcc/arm-none-eabi/10.3.1/thumb/v7-m/nofp/crtn.o
 *(.fini)
 .fini          0x0000000008008e20        0x4 c:/st/stm32cubeide_1.11.0/stm32cubeide/plugins/com.st.stm32cube.ide.mcu.externaltools.gnu-tools-for-stm32.10.3-2021.10.win32_1.0.100.202210260954/tools/bin/../lib/gcc/arm-none-eabi/10.3.1/thumb/v7-m/nofp/crti.o
                0x0000000008008e20                _fini
 .fini          0x0000000008008e24        0x8 c:/st/stm32cubeide_1.11.0/stm32cubeide/plugins/com.st.stm32cube.ide.mcu.externaltools.gnu-tools-for-stm32.10.3-2021.10.win32_1.0.100.202210260954/tools/bin/../lib/gcc/arm-none-eabi/10.3.1/thumb/v7-m/nofp/crtn.o
                0x0000000008008e2c                . = ALIGN (0x4)
                0x0000000008008e2c                _etext = .

.vfp11_veneer   0x0000000008008e2c        0x0
 .vfp11_veneer  0x0000000008008e2c        0x0 linker stubs

.v4_bx          0x0000000008008e2c        0x0
 .v4_bx         0x0000000008008e2c        0x0 linker stubs

.iplt           0x0000000008008e2c        0x0
 .iplt          0x0000000008008e2c        0x0 c:/st/stm32cubeide_1.11.0/stm32cubeide/plugins/com.st.stm32cube.ide.mcu.externaltools.gnu-tools-for-stm32.10.3-2021.10.win32_1.0.100.202210260954/tools/bin/../lib/gcc/arm-none-eabi/10.3.1/thumb/v7-m/nofp/crtbegin.o

.rodata         0x0000000008008e2c       0xd0
                0x0000000008008e2c                . = ALIGN (0x4)
 *(.rodata)
 .rodata        0x0000000008008e2c       0x35 ./Core/Src/main.o
 *fill*         0x0000000008008e61        0x3 
 .rodata        0x0000000008008e64       0x46 ./USB_DEVICE/App/usbd_desc.o
 *(.rodata*)
 *fill*         0x0000000008008eaa        0x2 
 .rodata.PLLMulTable
                0x0000000008008eac        0x9 ./Core/Src/system_stm32l1xx.o
                0x0000000008008eac                PLLMulTable
 *fill*         0x0000000008008eb5        0x3 
 .rodata.AHBPrescTable
                0x0000000008008eb8       0x10 ./Core/Src/system_stm32l1xx.o
                0x0000000008008eb8                AHBPrescTable
 .rodata._svfprintf_r.str1.1
                0x0000000008008ec8       0x11 c:/st/stm32cubeide_1.11.0/stm32cubeide/plugins/com.st.stm32cube.ide.mcu.externaltools.gnu-tools-for-stm32.10.3-2021.10.win32_1.0.100.202210260954/tools/bin/../lib/gcc/arm-none-eabi/10.3.1/../../../../arm-none-eabi/lib/thumb/v7-m/nofp\libc_nano.a(lib_a-nano-svfprintf.o)
 .rodata._printf_i.str1.1
                0x0000000008008ed9       0x22 c:/st/stm32cubeide_1.11.0/stm32cubeide/plugins/com.st.stm32cube.ide.mcu.externaltools.gnu-tools-for-stm32.10.3-2021.10.win32_1.0.100.202210260954/tools/bin/../lib/gcc/arm-none-eabi/10.3.1/../../../../arm-none-eabi/lib/thumb/v7-m/nofp\libc_nano.a(lib_a-nano-vfprintf_i.o)
                0x0000000008008efc                . = ALIGN (0x4)
 *fill*         0x0000000008008efb        0x1 

.rel.dyn        0x0000000008008efc        0x0
 .rel.iplt      0x0000000008008efc        0x0 c:/st/stm32cubeide_1.11.0/stm32cubeide/plugins/com.st.stm32cube.ide.mcu.externaltools.gnu-tools-for-stm32.10.3-2021.10.win32_1.0.100.202210260954/tools/bin/../lib/gcc/arm-none-eabi/10.3.1/thumb/v7-m/nofp/crtbegin.o

.ARM.extab      0x0000000008008efc        0x0
                0x0000000008008efc                . = ALIGN (0x4)
 *(.ARM.extab* .gnu.linkonce.armextab.*)
                0x0000000008008efc                . = ALIGN (0x4)

.ARM            0x0000000008008efc        0x0
                0x0000000008008efc                . = ALIGN (0x4)
                0x0000000008008efc                __exidx_start = .
 *(.ARM.exidx*)
                0x0000000008008efc                __exidx_end = .
                0x0000000008008efc                . = ALIGN (0x4)

.preinit_array  0x0000000008008efc        0x0
                0x0000000008008efc                . = ALIGN (0x4)
                0x0000000008008efc                PROVIDE (__preinit_array_start = .)
 *(.preinit_array*)
                0x0000000008008efc                PROVIDE (__preinit_array_end = .)
                0x0000000008008efc                . = ALIGN (0x4)

.init_array     0x0000000008008efc        0x4
                0x0000000008008efc                . = ALIGN (0x4)
                0x0000000008008efc                PROVIDE (__init_array_start = .)
 *(SORT_BY_NAME(.init_array.*))
 *(.init_array*)
 .init_array    0x0000000008008efc        0x4 c:/st/stm32cubeide_1.11.0/stm32cubeide/plugins/com.st.stm32cube.ide.mcu.externaltools.gnu-tools-for-stm32.10.3-2021.10.win32_1.0.100.202210260954/tools/bin/../lib/gcc/arm-none-eabi/10.3.1/thumb/v7-m/nofp/crtbegin.o
                0x0000000008008f00                PROVIDE (__init_array_end = .)
                0x0000000008008f00                . = ALIGN (0x4)

.fini_array     0x0000000008008f00        0x4
                0x0000000008008f00                . = ALIGN (0x4)
                [!provide]                        PROVIDE (__fini_array_start = .)
 *(SORT_BY_NAME(.fini_array.*))
 *(.fini_array*)
 .fini_array    0x0000000008008f00        0x4 c:/st/stm32cubeide_1.11.0/stm32cubeide/plugins/com.st.stm32cube.ide.mcu.externaltools.gnu-tools-for-stm32.10.3-2021.10.win32_1.0.100.202210260954/tools/bin/../lib/gcc/arm-none-eabi/10.3.1/thumb/v7-m/nofp/crtbegin.o
                [!provide]                        PROVIDE (__fini_array_end = .)
                0x0000000008008f04                . = ALIGN (0x4)
                0x0000000008008f04                _sidata = LOADADDR (.data)

.data           0x0000000020000000      0x1e4 load address 0x0000000008008f04
                0x0000000020000000                . = ALIGN (0x4)
                0x0000000020000000                _sdata = .
 *(.data)
 *(.data*)
 .data.PcReceptionStructSize
                0x0000000020000000        0x1 ./Core/Src/main.o
                0x0000000020000000                PcReceptionStructSize
 *fill*         0x0000000020000001        0x3 
 .data.SystemCoreClock
                0x0000000020000004        0x4 ./Core/Src/system_stm32l1xx.o
                0x0000000020000004                SystemCoreClock
 .data.uwTickPrio
                0x0000000020000008        0x4 ./Drivers/STM32L1xx_HAL_Driver/Src/stm32l1xx_hal.o
                0x0000000020000008                uwTickPrio
 .data.uwTickFreq
                0x000000002000000c        0x4 ./Drivers/STM32L1xx_HAL_Driver/Src/stm32l1xx_hal.o
                0x000000002000000c                uwTickFreq
 .data.USBD_CDC_DeviceQualifierDesc
                0x0000000020000010        0xa ./Middlewares/ST/STM32_USB_Device_Library/Class/CDC/Src/usbd_cdc.o
 *fill*         0x000000002000001a        0x2 
 .data.USBD_CDC
                0x000000002000001c       0x38 ./Middlewares/ST/STM32_USB_Device_Library/Class/CDC/Src/usbd_cdc.o
                0x000000002000001c                USBD_CDC
 .data.USBD_CDC_CfgHSDesc
                0x0000000020000054       0x43 ./Middlewares/ST/STM32_USB_Device_Library/Class/CDC/Src/usbd_cdc.o
                0x0000000020000054                USBD_CDC_CfgHSDesc
 *fill*         0x0000000020000097        0x1 
 .data.USBD_CDC_CfgFSDesc
                0x0000000020000098       0x43 ./Middlewares/ST/STM32_USB_Device_Library/Class/CDC/Src/usbd_cdc.o
                0x0000000020000098                USBD_CDC_CfgFSDesc
 *fill*         0x00000000200000db        0x1 
 .data.USBD_CDC_OtherSpeedCfgDesc
                0x00000000200000dc       0x43 ./Middlewares/ST/STM32_USB_Device_Library/Class/CDC/Src/usbd_cdc.o
                0x00000000200000dc                USBD_CDC_OtherSpeedCfgDesc
 *fill*         0x000000002000011f        0x1 
 .data.USBD_Interface_fops_FS
                0x0000000020000120       0x10 ./USB_DEVICE/App/usbd_cdc_if.o
                0x0000000020000120                USBD_Interface_fops_FS
 .data.FS_Desc  0x0000000020000130       0x1c ./USB_DEVICE/App/usbd_desc.o
                0x0000000020000130                FS_Desc
 .data.USBD_FS_DeviceDesc
                0x000000002000014c       0x12 ./USB_DEVICE/App/usbd_desc.o
                0x000000002000014c                USBD_FS_DeviceDesc
 *fill*         0x000000002000015e        0x2 
 .data.USBD_LangIDDesc
                0x0000000020000160        0x4 ./USB_DEVICE/App/usbd_desc.o
                0x0000000020000160                USBD_LangIDDesc
 .data.USBD_StringSerial
                0x0000000020000164       0x1a ./USB_DEVICE/App/usbd_desc.o
                0x0000000020000164                USBD_StringSerial
 *fill*         0x000000002000017e        0x2 
 .data._impure_ptr
                0x0000000020000180        0x4 c:/st/stm32cubeide_1.11.0/stm32cubeide/plugins/com.st.stm32cube.ide.mcu.externaltools.gnu-tools-for-stm32.10.3-2021.10.win32_1.0.100.202210260954/tools/bin/../lib/gcc/arm-none-eabi/10.3.1/../../../../arm-none-eabi/lib/thumb/v7-m/nofp\libc_nano.a(lib_a-impure.o)
                0x0000000020000180                _impure_ptr
 .data.impure_data
                0x0000000020000184       0x60 c:/st/stm32cubeide_1.11.0/stm32cubeide/plugins/com.st.stm32cube.ide.mcu.externaltools.gnu-tools-for-stm32.10.3-2021.10.win32_1.0.100.202210260954/tools/bin/../lib/gcc/arm-none-eabi/10.3.1/../../../../arm-none-eabi/lib/thumb/v7-m/nofp\libc_nano.a(lib_a-impure.o)
                0x00000000200001e4                . = ALIGN (0x4)
                0x00000000200001e4                _edata = .

.igot.plt       0x00000000200001e4        0x0 load address 0x00000000080090e8
 .igot.plt      0x00000000200001e4        0x0 c:/st/stm32cubeide_1.11.0/stm32cubeide/plugins/com.st.stm32cube.ide.mcu.externaltools.gnu-tools-for-stm32.10.3-2021.10.win32_1.0.100.202210260954/tools/bin/../lib/gcc/arm-none-eabi/10.3.1/thumb/v7-m/nofp/crtbegin.o
                0x00000000200001e4                . = ALIGN (0x4)

.bss            0x00000000200001e4     0x1a20 load address 0x00000000080090e8
                0x00000000200001e4                _sbss = .
                0x00000000200001e4                __bss_start__ = _sbss
 *(.bss)
 .bss           0x00000000200001e4       0x1c c:/st/stm32cubeide_1.11.0/stm32cubeide/plugins/com.st.stm32cube.ide.mcu.externaltools.gnu-tools-for-stm32.10.3-2021.10.win32_1.0.100.202210260954/tools/bin/../lib/gcc/arm-none-eabi/10.3.1/thumb/v7-m/nofp/crtbegin.o
 *(.bss*)
 .bss.BitRateFrac
                0x0000000020000200        0x4 ./Core/Src/SX127x.o
                0x0000000020000200                BitRateFrac
 .bss.hrtc      0x0000000020000204       0x20 ./Core/Src/board.o
                0x0000000020000204                hrtc
 .bss.hspi1     0x0000000020000224       0x58 ./Core/Src/board.o
                0x0000000020000224                hspi1
 .bss.htim4     0x000000002000027c       0x3c ./Core/Src/board.o
                0x000000002000027c                htim4
 .bss.USBBuffer
                0x00000000200002b8      0x400 ./Core/Src/main.o
                0x00000000200002b8                USBBuffer
 .bss.USBBufferPointer
                0x00000000200006b8        0x2 ./Core/Src/main.o
                0x00000000200006b8                USBBufferPointer
 *fill*         0x00000000200006ba        0x2 
 .bss.TxBuffer  0x00000000200006bc      0x400 ./Core/Src/main.o
                0x00000000200006bc                TxBuffer
 .bss.TxDataSize
                0x0000000020000abc        0x4 ./Core/Src/main.o
                0x0000000020000abc                TxDataSize
 .bss.TxBufferPointer
                0x0000000020000ac0        0x4 ./Core/Src/main.o
                0x0000000020000ac0                TxBufferPointer
 .bss.SetupData
                0x0000000020000ac4       0x14 ./Core/Src/main.o
                0x0000000020000ac4                SetupData
 .bss.PcReceptionData
                0x0000000020000ad8       0x14 ./Core/Src/main.o
                0x0000000020000ad8                PcReceptionData
 .bss.begin_flag
                0x0000000020000aec        0x2 ./Core/Src/main.o
                0x0000000020000aec                begin_flag
 .bss.num       0x0000000020000aee        0x2 ./Core/Src/main.o
                0x0000000020000aee                num
 .bss.heap_end.0
                0x0000000020000af0        0x4 ./Core/Src/sysmem.o
 .bss.uwTick    0x0000000020000af4        0x4 ./Drivers/STM32L1xx_HAL_Driver/Src/stm32l1xx_hal.o
                0x0000000020000af4                uwTick
 .bss.cfgidx.0  0x0000000020000af8        0x1 ./Middlewares/ST/STM32_USB_Device_Library/Core/Src/usbd_ctlreq.o
 *fill*         0x0000000020000af9        0x3 
 .bss.hUsbDeviceFS
                0x0000000020000afc      0x29c ./USB_DEVICE/App/usb_device.o
                0x0000000020000afc                hUsbDeviceFS
 .bss.UserRxBufferFS
                0x0000000020000d98      0x3e8 ./USB_DEVICE/App/usbd_cdc_if.o
                0x0000000020000d98                UserRxBufferFS
 .bss.UserTxBufferFS
                0x0000000020001180      0x3e8 ./USB_DEVICE/App/usbd_cdc_if.o
                0x0000000020001180                UserTxBufferFS
 .bss.USBD_StrDesc
                0x0000000020001568      0x200 ./USB_DEVICE/App/usbd_desc.o
                0x0000000020001568                USBD_StrDesc
 .bss.hpcd_USB_FS
                0x0000000020001768      0x26c ./USB_DEVICE/Target/usbd_conf.o
                0x0000000020001768                hpcd_USB_FS
 .bss.mem.0     0x00000000200019d4      0x220 ./USB_DEVICE/Target/usbd_conf.o
 .bss.__malloc_free_list
                0x0000000020001bf4        0x4 c:/st/stm32cubeide_1.11.0/stm32cubeide/plugins/com.st.stm32cube.ide.mcu.externaltools.gnu-tools-for-stm32.10.3-2021.10.win32_1.0.100.202210260954/tools/bin/../lib/gcc/arm-none-eabi/10.3.1/../../../../arm-none-eabi/lib/thumb/v7-m/nofp\libc_nano.a(lib_a-nano-mallocr.o)
                0x0000000020001bf4                __malloc_free_list
 .bss.__malloc_sbrk_start
                0x0000000020001bf8        0x4 c:/st/stm32cubeide_1.11.0/stm32cubeide/plugins/com.st.stm32cube.ide.mcu.externaltools.gnu-tools-for-stm32.10.3-2021.10.win32_1.0.100.202210260954/tools/bin/../lib/gcc/arm-none-eabi/10.3.1/../../../../arm-none-eabi/lib/thumb/v7-m/nofp\libc_nano.a(lib_a-nano-mallocr.o)
                0x0000000020001bf8                __malloc_sbrk_start
 .bss.errno     0x0000000020001bfc        0x4 c:/st/stm32cubeide_1.11.0/stm32cubeide/plugins/com.st.stm32cube.ide.mcu.externaltools.gnu-tools-for-stm32.10.3-2021.10.win32_1.0.100.202210260954/tools/bin/../lib/gcc/arm-none-eabi/10.3.1/../../../../arm-none-eabi/lib/thumb/v7-m/nofp\libc_nano.a(lib_a-reent.o)
                0x0000000020001bfc                errno
 .bss.__lock___malloc_recursive_mutex
                0x0000000020001c00        0x1 c:/st/stm32cubeide_1.11.0/stm32cubeide/plugins/com.st.stm32cube.ide.mcu.externaltools.gnu-tools-for-stm32.10.3-2021.10.win32_1.0.100.202210260954/tools/bin/../lib/gcc/arm-none-eabi/10.3.1/../../../../arm-none-eabi/lib/thumb/v7-m/nofp\libc_nano.a(lib_a-lock.o)
                0x0000000020001c00                __lock___malloc_recursive_mutex
 *(COMMON)
                0x0000000020001c04                . = ALIGN (0x4)
 *fill*         0x0000000020001c01        0x3 
                0x0000000020001c04                _ebss = .
                0x0000000020001c04                __bss_end__ = _ebss

._user_heap_stack
                0x0000000020001c04      0x604 load address 0x00000000080090e8
                0x0000000020001c08                . = ALIGN (0x8)
 *fill*         0x0000000020001c04        0x4 
                0x0000000020001c08                PROVIDE (end = .)
                [!provide]                        PROVIDE (_end = .)
                0x0000000020001e08                . = (. + _Min_Heap_Size)
 *fill*         0x0000000020001c08      0x200 
                0x0000000020002208                . = (. + _Min_Stack_Size)
 *fill*         0x0000000020001e08      0x400 
                0x0000000020002208                . = ALIGN (0x8)

/DISCARD/
 libc.a(*)
 libm.a(*)
 libgcc.a(*)

.ARM.attributes
                0x0000000000000000       0x29
 *(.ARM.attributes)
 .ARM.attributes
                0x0000000000000000       0x1d c:/st/stm32cubeide_1.11.0/stm32cubeide/plugins/com.st.stm32cube.ide.mcu.externaltools.gnu-tools-for-stm32.10.3-2021.10.win32_1.0.100.202210260954/tools/bin/../lib/gcc/arm-none-eabi/10.3.1/thumb/v7-m/nofp/crti.o
 .ARM.attributes
                0x000000000000001d       0x2d c:/st/stm32cubeide_1.11.0/stm32cubeide/plugins/com.st.stm32cube.ide.mcu.externaltools.gnu-tools-for-stm32.10.3-2021.10.win32_1.0.100.202210260954/tools/bin/../lib/gcc/arm-none-eabi/10.3.1/thumb/v7-m/nofp/crtbegin.o
 .ARM.attributes
                0x000000000000004a       0x2d ./Core/Src/SX127x.o
 .ARM.attributes
                0x0000000000000077       0x2d ./Core/Src/board.o
 .ARM.attributes
                0x00000000000000a4       0x2d ./Core/Src/main.o
 .ARM.attributes
                0x00000000000000d1       0x2d ./Core/Src/stm32l1xx_hal_msp.o
 .ARM.attributes
                0x00000000000000fe       0x2d ./Core/Src/stm32l1xx_it.o
 .ARM.attributes
                0x000000000000012b       0x2d ./Core/Src/sysmem.o
 .ARM.attributes
                0x0000000000000158       0x2d ./Core/Src/system_stm32l1xx.o
 .ARM.attributes
                0x0000000000000185       0x21 ./Core/Startup/startup_stm32l151ccux.o
 .ARM.attributes
                0x00000000000001a6       0x2d ./Drivers/STM32L1xx_HAL_Driver/Src/stm32l1xx_hal.o
 .ARM.attributes
                0x00000000000001d3       0x2d ./Drivers/STM32L1xx_HAL_Driver/Src/stm32l1xx_hal_cortex.o
 .ARM.attributes
                0x0000000000000200       0x2d ./Drivers/STM32L1xx_HAL_Driver/Src/stm32l1xx_hal_gpio.o
 .ARM.attributes
                0x000000000000022d       0x2d ./Drivers/STM32L1xx_HAL_Driver/Src/stm32l1xx_hal_pcd.o
 .ARM.attributes
                0x000000000000025a       0x2d ./Drivers/STM32L1xx_HAL_Driver/Src/stm32l1xx_hal_pcd_ex.o
 .ARM.attributes
                0x0000000000000287       0x2d ./Drivers/STM32L1xx_HAL_Driver/Src/stm32l1xx_hal_rcc.o
 .ARM.attributes
                0x00000000000002b4       0x2d ./Drivers/STM32L1xx_HAL_Driver/Src/stm32l1xx_hal_rcc_ex.o
 .ARM.attributes
                0x00000000000002e1       0x2d ./Drivers/STM32L1xx_HAL_Driver/Src/stm32l1xx_hal_rtc.o
 .ARM.attributes
                0x000000000000030e       0x2d ./Drivers/STM32L1xx_HAL_Driver/Src/stm32l1xx_hal_rtc_ex.o
 .ARM.attributes
                0x000000000000033b       0x2d ./Drivers/STM32L1xx_HAL_Driver/Src/stm32l1xx_hal_spi.o
 .ARM.attributes
                0x0000000000000368       0x2d ./Drivers/STM32L1xx_HAL_Driver/Src/stm32l1xx_hal_tim.o
 .ARM.attributes
                0x0000000000000395       0x2d ./Drivers/STM32L1xx_HAL_Driver/Src/stm32l1xx_hal_tim_ex.o
 .ARM.attributes
                0x00000000000003c2       0x2d ./Drivers/STM32L1xx_HAL_Driver/Src/stm32l1xx_ll_usb.o
 .ARM.attributes
                0x00000000000003ef       0x2d ./Middlewares/ST/STM32_USB_Device_Library/Class/CDC/Src/usbd_cdc.o
 .ARM.attributes
                0x000000000000041c       0x2d ./Middlewares/ST/STM32_USB_Device_Library/Core/Src/usbd_core.o
 .ARM.attributes
                0x0000000000000449       0x2d ./Middlewares/ST/STM32_USB_Device_Library/Core/Src/usbd_ctlreq.o
 .ARM.attributes
                0x0000000000000476       0x2d ./Middlewares/ST/STM32_USB_Device_Library/Core/Src/usbd_ioreq.o
 .ARM.attributes
                0x00000000000004a3       0x2d ./USB_DEVICE/App/usb_device.o
 .ARM.attributes
                0x00000000000004d0       0x2d ./USB_DEVICE/App/usbd_cdc_if.o
 .ARM.attributes
                0x00000000000004fd       0x2d ./USB_DEVICE/App/usbd_desc.o
 .ARM.attributes
                0x000000000000052a       0x2d ./USB_DEVICE/Target/usbd_conf.o
 .ARM.attributes
                0x0000000000000557       0x2d c:/st/stm32cubeide_1.11.0/stm32cubeide/plugins/com.st.stm32cube.ide.mcu.externaltools.gnu-tools-for-stm32.10.3-2021.10.win32_1.0.100.202210260954/tools/bin/../lib/gcc/arm-none-eabi/10.3.1/../../../../arm-none-eabi/lib/thumb/v7-m/nofp\libc_nano.a(lib_a-errno.o)
 .ARM.attributes
                0x0000000000000584       0x2d c:/st/stm32cubeide_1.11.0/stm32cubeide/plugins/com.st.stm32cube.ide.mcu.externaltools.gnu-tools-for-stm32.10.3-2021.10.win32_1.0.100.202210260954/tools/bin/../lib/gcc/arm-none-eabi/10.3.1/../../../../arm-none-eabi/lib/thumb/v7-m/nofp\libc_nano.a(lib_a-impure.o)
 .ARM.attributes
                0x00000000000005b1       0x2d c:/st/stm32cubeide_1.11.0/stm32cubeide/plugins/com.st.stm32cube.ide.mcu.externaltools.gnu-tools-for-stm32.10.3-2021.10.win32_1.0.100.202210260954/tools/bin/../lib/gcc/arm-none-eabi/10.3.1/../../../../arm-none-eabi/lib/thumb/v7-m/nofp\libc_nano.a(lib_a-init.o)
 .ARM.attributes
                0x00000000000005de       0x2d c:/st/stm32cubeide_1.11.0/stm32cubeide/plugins/com.st.stm32cube.ide.mcu.externaltools.gnu-tools-for-stm32.10.3-2021.10.win32_1.0.100.202210260954/tools/bin/../lib/gcc/arm-none-eabi/10.3.1/../../../../arm-none-eabi/lib/thumb/v7-m/nofp\libc_nano.a(lib_a-memcpy-stub.o)
 .ARM.attributes
                0x000000000000060b       0x2d c:/st/stm32cubeide_1.11.0/stm32cubeide/plugins/com.st.stm32cube.ide.mcu.externaltools.gnu-tools-for-stm32.10.3-2021.10.win32_1.0.100.202210260954/tools/bin/../lib/gcc/arm-none-eabi/10.3.1/../../../../arm-none-eabi/lib/thumb/v7-m/nofp\libc_nano.a(lib_a-memset.o)
 .ARM.attributes
                0x0000000000000638       0x2d c:/st/stm32cubeide_1.11.0/stm32cubeide/plugins/com.st.stm32cube.ide.mcu.externaltools.gnu-tools-for-stm32.10.3-2021.10.win32_1.0.100.202210260954/tools/bin/../lib/gcc/arm-none-eabi/10.3.1/../../../../arm-none-eabi/lib/thumb/v7-m/nofp\libc_nano.a(lib_a-vsnprintf.o)
 .ARM.attributes
                0x0000000000000665       0x2d c:/st/stm32cubeide_1.11.0/stm32cubeide/plugins/com.st.stm32cube.ide.mcu.externaltools.gnu-tools-for-stm32.10.3-2021.10.win32_1.0.100.202210260954/tools/bin/../lib/gcc/arm-none-eabi/10.3.1/../../../../arm-none-eabi/lib/thumb/v7-m/nofp\libc_nano.a(lib_a-nano-svfprintf.o)
 .ARM.attributes
                0x0000000000000692       0x2d c:/st/stm32cubeide_1.11.0/stm32cubeide/plugins/com.st.stm32cube.ide.mcu.externaltools.gnu-tools-for-stm32.10.3-2021.10.win32_1.0.100.202210260954/tools/bin/../lib/gcc/arm-none-eabi/10.3.1/../../../../arm-none-eabi/lib/thumb/v7-m/nofp\libc_nano.a(lib_a-nano-vfprintf_i.o)
 .ARM.attributes
                0x00000000000006bf       0x2d c:/st/stm32cubeide_1.11.0/stm32cubeide/plugins/com.st.stm32cube.ide.mcu.externaltools.gnu-tools-for-stm32.10.3-2021.10.win32_1.0.100.202210260954/tools/bin/../lib/gcc/arm-none-eabi/10.3.1/../../../../arm-none-eabi/lib/thumb/v7-m/nofp\libc_nano.a(lib_a-memchr-stub.o)
 .ARM.attributes
                0x00000000000006ec       0x2d c:/st/stm32cubeide_1.11.0/stm32cubeide/plugins/com.st.stm32cube.ide.mcu.externaltools.gnu-tools-for-stm32.10.3-2021.10.win32_1.0.100.202210260954/tools/bin/../lib/gcc/arm-none-eabi/10.3.1/../../../../arm-none-eabi/lib/thumb/v7-m/nofp\libc_nano.a(lib_a-memmove.o)
 .ARM.attributes
                0x0000000000000719       0x2d c:/st/stm32cubeide_1.11.0/stm32cubeide/plugins/com.st.stm32cube.ide.mcu.externaltools.gnu-tools-for-stm32.10.3-2021.10.win32_1.0.100.202210260954/tools/bin/../lib/gcc/arm-none-eabi/10.3.1/../../../../arm-none-eabi/lib/thumb/v7-m/nofp\libc_nano.a(lib_a-nano-freer.o)
 .ARM.attributes
                0x0000000000000746       0x2d c:/st/stm32cubeide_1.11.0/stm32cubeide/plugins/com.st.stm32cube.ide.mcu.externaltools.gnu-tools-for-stm32.10.3-2021.10.win32_1.0.100.202210260954/tools/bin/../lib/gcc/arm-none-eabi/10.3.1/../../../../arm-none-eabi/lib/thumb/v7-m/nofp\libc_nano.a(lib_a-nano-mallocr.o)
 .ARM.attributes
                0x0000000000000773       0x2d c:/st/stm32cubeide_1.11.0/stm32cubeide/plugins/com.st.stm32cube.ide.mcu.externaltools.gnu-tools-for-stm32.10.3-2021.10.win32_1.0.100.202210260954/tools/bin/../lib/gcc/arm-none-eabi/10.3.1/../../../../arm-none-eabi/lib/thumb/v7-m/nofp\libc_nano.a(lib_a-nano-reallocr.o)
 .ARM.attributes
                0x00000000000007a0       0x2d c:/st/stm32cubeide_1.11.0/stm32cubeide/plugins/com.st.stm32cube.ide.mcu.externaltools.gnu-tools-for-stm32.10.3-2021.10.win32_1.0.100.202210260954/tools/bin/../lib/gcc/arm-none-eabi/10.3.1/../../../../arm-none-eabi/lib/thumb/v7-m/nofp\libc_nano.a(lib_a-sbrkr.o)
 .ARM.attributes
                0x00000000000007cd       0x2d c:/st/stm32cubeide_1.11.0/stm32cubeide/plugins/com.st.stm32cube.ide.mcu.externaltools.gnu-tools-for-stm32.10.3-2021.10.win32_1.0.100.202210260954/tools/bin/../lib/gcc/arm-none-eabi/10.3.1/../../../../arm-none-eabi/lib/thumb/v7-m/nofp\libc_nano.a(lib_a-mlock.o)
 .ARM.attributes
                0x00000000000007fa       0x2d c:/st/stm32cubeide_1.11.0/stm32cubeide/plugins/com.st.stm32cube.ide.mcu.externaltools.gnu-tools-for-stm32.10.3-2021.10.win32_1.0.100.202210260954/tools/bin/../lib/gcc/arm-none-eabi/10.3.1/../../../../arm-none-eabi/lib/thumb/v7-m/nofp\libc_nano.a(lib_a-nano-msizer.o)
 .ARM.attributes
                0x0000000000000827       0x2d c:/st/stm32cubeide_1.11.0/stm32cubeide/plugins/com.st.stm32cube.ide.mcu.externaltools.gnu-tools-for-stm32.10.3-2021.10.win32_1.0.100.202210260954/tools/bin/../lib/gcc/arm-none-eabi/10.3.1/../../../../arm-none-eabi/lib/thumb/v7-m/nofp\libc_nano.a(lib_a-reent.o)
 .ARM.attributes
                0x0000000000000854       0x2d c:/st/stm32cubeide_1.11.0/stm32cubeide/plugins/com.st.stm32cube.ide.mcu.externaltools.gnu-tools-for-stm32.10.3-2021.10.win32_1.0.100.202210260954/tools/bin/../lib/gcc/arm-none-eabi/10.3.1/../../../../arm-none-eabi/lib/thumb/v7-m/nofp\libc_nano.a(lib_a-lock.o)
 .ARM.attributes
                0x0000000000000881       0x1d c:/st/stm32cubeide_1.11.0/stm32cubeide/plugins/com.st.stm32cube.ide.mcu.externaltools.gnu-tools-for-stm32.10.3-2021.10.win32_1.0.100.202210260954/tools/bin/../lib/gcc/arm-none-eabi/10.3.1/thumb/v7-m/nofp\libgcc.a(_arm_addsubdf3.o)
 .ARM.attributes
                0x000000000000089e       0x1d c:/st/stm32cubeide_1.11.0/stm32cubeide/plugins/com.st.stm32cube.ide.mcu.externaltools.gnu-tools-for-stm32.10.3-2021.10.win32_1.0.100.202210260954/tools/bin/../lib/gcc/arm-none-eabi/10.3.1/thumb/v7-m/nofp\libgcc.a(_arm_muldivdf3.o)
 .ARM.attributes
                0x00000000000008bb       0x1d c:/st/stm32cubeide_1.11.0/stm32cubeide/plugins/com.st.stm32cube.ide.mcu.externaltools.gnu-tools-for-stm32.10.3-2021.10.win32_1.0.100.202210260954/tools/bin/../lib/gcc/arm-none-eabi/10.3.1/thumb/v7-m/nofp\libgcc.a(_arm_fixdfsi.o)
 .ARM.attributes
                0x00000000000008d8       0x1d c:/st/stm32cubeide_1.11.0/stm32cubeide/plugins/com.st.stm32cube.ide.mcu.externaltools.gnu-tools-for-stm32.10.3-2021.10.win32_1.0.100.202210260954/tools/bin/../lib/gcc/arm-none-eabi/10.3.1/thumb/v7-m/nofp/crtn.o
OUTPUT(RS41SimTx.elf elf32-littlearm)
LOAD linker stubs
LOAD c:/st/stm32cubeide_1.11.0/stm32cubeide/plugins/com.st.stm32cube.ide.mcu.externaltools.gnu-tools-for-stm32.10.3-2021.10.win32_1.0.100.202210260954/tools/bin/../lib/gcc/arm-none-eabi/10.3.1/../../../../arm-none-eabi/lib/thumb/v7-m/nofp\libc.a
LOAD c:/st/stm32cubeide_1.11.0/stm32cubeide/plugins/com.st.stm32cube.ide.mcu.externaltools.gnu-tools-for-stm32.10.3-2021.10.win32_1.0.100.202210260954/tools/bin/../lib/gcc/arm-none-eabi/10.3.1/../../../../arm-none-eabi/lib/thumb/v7-m/nofp\libm.a
LOAD c:/st/stm32cubeide_1.11.0/stm32cubeide/plugins/com.st.stm32cube.ide.mcu.externaltools.gnu-tools-for-stm32.10.3-2021.10.win32_1.0.100.202210260954/tools/bin/../lib/gcc/arm-none-eabi/10.3.1/thumb/v7-m/nofp\libgcc.a

.debug_info     0x0000000000000000    0x1580c
 .debug_info    0x0000000000000000      0xd36 ./Core/Src/SX127x.o
 .debug_info    0x0000000000000d36     0x159f ./Core/Src/board.o
 .debug_info    0x00000000000022d5      0x4f7 ./Core/Src/main.o
 .debug_info    0x00000000000027cc     0x11b4 ./Core/Src/stm32l1xx_hal_msp.o
 .debug_info    0x0000000000003980      0xb01 ./Core/Src/stm32l1xx_it.o
 .debug_info    0x0000000000004481      0x105 ./Core/Src/sysmem.o
 .debug_info    0x0000000000004586      0x462 ./Core/Src/system_stm32l1xx.o
 .debug_info    0x00000000000049e8       0x22 ./Core/Startup/startup_stm32l151ccux.o
 .debug_info    0x0000000000004a0a      0x704 ./Drivers/STM32L1xx_HAL_Driver/Src/stm32l1xx_hal.o
 .debug_info    0x000000000000510e      0xd73 ./Drivers/STM32L1xx_HAL_Driver/Src/stm32l1xx_hal_cortex.o
 .debug_info    0x0000000000005e81      0x625 ./Drivers/STM32L1xx_HAL_Driver/Src/stm32l1xx_hal_gpio.o
 .debug_info    0x00000000000064a6      0xfe8 ./Drivers/STM32L1xx_HAL_Driver/Src/stm32l1xx_hal_pcd.o
 .debug_info    0x000000000000748e      0x6ff ./Drivers/STM32L1xx_HAL_Driver/Src/stm32l1xx_hal_pcd_ex.o
 .debug_info    0x0000000000007b8d      0x9b3 ./Drivers/STM32L1xx_HAL_Driver/Src/stm32l1xx_hal_rcc.o
 .debug_info    0x0000000000008540      0x433 ./Drivers/STM32L1xx_HAL_Driver/Src/stm32l1xx_hal_rcc_ex.o
 .debug_info    0x0000000000008973      0xc79 ./Drivers/STM32L1xx_HAL_Driver/Src/stm32l1xx_hal_rtc.o
 .debug_info    0x00000000000095ec     0x1047 ./Drivers/STM32L1xx_HAL_Driver/Src/stm32l1xx_hal_rtc_ex.o
 .debug_info    0x000000000000a633     0x16be ./Drivers/STM32L1xx_HAL_Driver/Src/stm32l1xx_hal_spi.o
 .debug_info    0x000000000000bcf1     0x2570 ./Drivers/STM32L1xx_HAL_Driver/Src/stm32l1xx_hal_tim.o
 .debug_info    0x000000000000e261      0x64e ./Drivers/STM32L1xx_HAL_Driver/Src/stm32l1xx_hal_tim_ex.o
 .debug_info    0x000000000000e8af     0x152a ./Drivers/STM32L1xx_HAL_Driver/Src/stm32l1xx_ll_usb.o
 .debug_info    0x000000000000fdd9     0x10c8 ./Middlewares/ST/STM32_USB_Device_Library/Class/CDC/Src/usbd_cdc.o
 .debug_info    0x0000000000010ea1      0xb02 ./Middlewares/ST/STM32_USB_Device_Library/Core/Src/usbd_core.o
 .debug_info    0x00000000000119a3      0x9a6 ./Middlewares/ST/STM32_USB_Device_Library/Core/Src/usbd_ctlreq.o
 .debug_info    0x0000000000012349      0x715 ./Middlewares/ST/STM32_USB_Device_Library/Core/Src/usbd_ioreq.o
 .debug_info    0x0000000000012a5e      0x679 ./USB_DEVICE/App/usb_device.o
 .debug_info    0x00000000000130d7      0x971 ./USB_DEVICE/App/usbd_cdc_if.o
 .debug_info    0x0000000000013a48      0x484 ./USB_DEVICE/App/usbd_desc.o
 .debug_info    0x0000000000013ecc     0x1940 ./USB_DEVICE/Target/usbd_conf.o

.debug_abbrev   0x0000000000000000     0x3a4a
 .debug_abbrev  0x0000000000000000      0x245 ./Core/Src/SX127x.o
 .debug_abbrev  0x0000000000000245      0x26a ./Core/Src/board.o
 .debug_abbrev  0x00000000000004af      0x1fa ./Core/Src/main.o
 .debug_abbrev  0x00000000000006a9      0x1b9 ./Core/Src/stm32l1xx_hal_msp.o
 .debug_abbrev  0x0000000000000862      0x1a2 ./Core/Src/stm32l1xx_it.o
 .debug_abbrev  0x0000000000000a04       0xbe ./Core/Src/sysmem.o
 .debug_abbrev  0x0000000000000ac2      0x116 ./Core/Src/system_stm32l1xx.o
 .debug_abbrev  0x0000000000000bd8       0x12 ./Core/Startup/startup_stm32l151ccux.o
 .debug_abbrev  0x0000000000000bea      0x26c ./Drivers/STM32L1xx_HAL_Driver/Src/stm32l1xx_hal.o
 .debug_abbrev  0x0000000000000e56      0x316 ./Drivers/STM32L1xx_HAL_Driver/Src/stm32l1xx_hal_cortex.o
 .debug_abbrev  0x000000000000116c      0x1c4 ./Drivers/STM32L1xx_HAL_Driver/Src/stm32l1xx_hal_gpio.o
 .debug_abbrev  0x0000000000001330      0x2bb ./Drivers/STM32L1xx_HAL_Driver/Src/stm32l1xx_hal_pcd.o
 .debug_abbrev  0x00000000000015eb      0x17f ./Drivers/STM32L1xx_HAL_Driver/Src/stm32l1xx_hal_pcd_ex.o
 .debug_abbrev  0x000000000000176a      0x2ce ./Drivers/STM32L1xx_HAL_Driver/Src/stm32l1xx_hal_rcc.o
 .debug_abbrev  0x0000000000001a38      0x1bd ./Drivers/STM32L1xx_HAL_Driver/Src/stm32l1xx_hal_rcc_ex.o
 .debug_abbrev  0x0000000000001bf5      0x1d6 ./Drivers/STM32L1xx_HAL_Driver/Src/stm32l1xx_hal_rtc.o
 .debug_abbrev  0x0000000000001dcb      0x207 ./Drivers/STM32L1xx_HAL_Driver/Src/stm32l1xx_hal_rtc_ex.o
 .debug_abbrev  0x0000000000001fd2      0x26e ./Drivers/STM32L1xx_HAL_Driver/Src/stm32l1xx_hal_spi.o
 .debug_abbrev  0x0000000000002240      0x246 ./Drivers/STM32L1xx_HAL_Driver/Src/stm32l1xx_hal_tim.o
 .debug_abbrev  0x0000000000002486      0x153 ./Drivers/STM32L1xx_HAL_Driver/Src/stm32l1xx_hal_tim_ex.o
 .debug_abbrev  0x00000000000025d9      0x23e ./Drivers/STM32L1xx_HAL_Driver/Src/stm32l1xx_ll_usb.o
 .debug_abbrev  0x0000000000002817      0x2c0 ./Middlewares/ST/STM32_USB_Device_Library/Class/CDC/Src/usbd_cdc.o
 .debug_abbrev  0x0000000000002ad7      0x236 ./Middlewares/ST/STM32_USB_Device_Library/Core/Src/usbd_core.o
 .debug_abbrev  0x0000000000002d0d      0x257 ./Middlewares/ST/STM32_USB_Device_Library/Core/Src/usbd_ctlreq.o
 .debug_abbrev  0x0000000000002f64      0x183 ./Middlewares/ST/STM32_USB_Device_Library/Core/Src/usbd_ioreq.o
 .debug_abbrev  0x00000000000030e7      0x183 ./USB_DEVICE/App/usb_device.o
 .debug_abbrev  0x000000000000326a      0x2e1 ./USB_DEVICE/App/usbd_cdc_if.o
 .debug_abbrev  0x000000000000354b      0x1fa ./USB_DEVICE/App/usbd_desc.o
 .debug_abbrev  0x0000000000003745      0x305 ./USB_DEVICE/Target/usbd_conf.o

.debug_aranges  0x0000000000000000     0x1398
 .debug_aranges
                0x0000000000000000       0xc0 ./Core/Src/SX127x.o
 .debug_aranges
                0x00000000000000c0       0x58 ./Core/Src/board.o
 .debug_aranges
                0x0000000000000118       0x20 ./Core/Src/main.o
 .debug_aranges
                0x0000000000000138       0x50 ./Core/Src/stm32l1xx_hal_msp.o
 .debug_aranges
                0x0000000000000188       0x70 ./Core/Src/stm32l1xx_it.o
 .debug_aranges
                0x00000000000001f8       0x20 ./Core/Src/sysmem.o
 .debug_aranges
                0x0000000000000218       0x28 ./Core/Src/system_stm32l1xx.o
 .debug_aranges
                0x0000000000000240       0x28 ./Core/Startup/startup_stm32l151ccux.o
 .debug_aranges
                0x0000000000000268       0xe0 ./Drivers/STM32L1xx_HAL_Driver/Src/stm32l1xx_hal.o
 .debug_aranges