../Drivers/STM32L1xx_HAL_Driver/Src/stm32l1xx_hal_rtc.c:236:19:HAL_RTC_Init	16	static
../Drivers/STM32L1xx_HAL_Driver/Src/stm32l1xx_hal_rtc.c:342:19:HAL_RTC_DeInit	24	static
../Drivers/STM32L1xx_HAL_Driver/Src/stm32l1xx_hal_rtc.c:663:13:HAL_RTC_MspInit	16	static
../Drivers/STM32L1xx_HAL_Driver/Src/stm32l1xx_hal_rtc.c:678:13:HAL_RTC_MspDeInit	16	static
../Drivers/STM32L1xx_HAL_Driver/Src/stm32l1xx_hal_rtc.c:716:19:HAL_RTC_SetTime	40	static
../Drivers/STM32L1xx_HAL_Driver/Src/stm32l1xx_hal_rtc.c:847:19:HAL_RTC_GetTime	32	static
../Drivers/STM32L1xx_HAL_Driver/Src/stm32l1xx_hal_rtc.c:893:19:HAL_RTC_SetDate	40	static
../Drivers/STM32L1xx_HAL_Driver/Src/stm32l1xx_hal_rtc.c:999:19:HAL_RTC_GetDate	32	static
../Drivers/STM32L1xx_HAL_Driver/Src/stm32l1xx_hal_rtc.c:1053:19:HAL_RTC_SetAlarm	48	static
../Drivers/STM32L1xx_HAL_Driver/Src/stm32l1xx_hal_rtc.c:1246:19:HAL_RTC_SetAlarm_IT	48	static
../Drivers/STM32L1xx_HAL_Driver/Src/stm32l1xx_hal_rtc.c:1439:19:HAL_RTC_DeactivateAlarm	24	static
../Drivers/STM32L1xx_HAL_Driver/Src/stm32l1xx_hal_rtc.c:1533:19:HAL_RTC_GetAlarm	32	static
../Drivers/STM32L1xx_HAL_Driver/Src/stm32l1xx_hal_rtc.c:1592:6:HAL_RTC_AlarmIRQHandler	16	static
../Drivers/STM32L1xx_HAL_Driver/Src/stm32l1xx_hal_rtc.c:1641:13:HAL_RTC_AlarmAEventCallback	16	static
../Drivers/STM32L1xx_HAL_Driver/Src/stm32l1xx_hal_rtc.c:1657:19:HAL_RTC_PollForAlarmAEvent	24	static
../Drivers/STM32L1xx_HAL_Driver/Src/stm32l1xx_hal_rtc.c:1716:19:HAL_RTC_WaitForSynchro	24	static
../Drivers/STM32L1xx_HAL_Driver/Src/stm32l1xx_hal_rtc.c:1766:21:HAL_RTC_GetState	16	static
../Drivers/STM32L1xx_HAL_Driver/Src/stm32l1xx_hal_rtc.c:1789:19:RTC_EnterInitMode	24	static
../Drivers/STM32L1xx_HAL_Driver/Src/stm32l1xx_hal_rtc.c:1819:9:RTC_ByteToBcd2	24	static
../Drivers/STM32L1xx_HAL_Driver/Src/stm32l1xx_hal_rtc.c:1838:9:RTC_Bcd2ToByte	24	static
