../Drivers/STM32L1xx_HAL_Driver/Src/stm32l1xx_hal_tim.c:258:19:HAL_TIM_Base_Init	16	static
../Drivers/STM32L1xx_HAL_Driver/Src/stm32l1xx_hal_tim.c:310:19:HAL_TIM_Base_DeInit	16	static
../Drivers/STM32L1xx_HAL_Driver/Src/stm32l1xx_hal_tim.c:346:13:HAL_TIM_Base_MspInit	16	static
../Drivers/STM32L1xx_HAL_Driver/Src/stm32l1xx_hal_tim.c:361:13:HAL_TIM_Base_MspDeInit	16	static
../Drivers/STM32L1xx_HAL_Driver/Src/stm32l1xx_hal_tim.c:377:19:HAL_TIM_Base_Start	24	static
../Drivers/STM32L1xx_HAL_Driver/Src/stm32l1xx_hal_tim.c:406:19:HAL_TIM_Base_Stop	16	static
../Drivers/STM32L1xx_HAL_Driver/Src/stm32l1xx_hal_tim.c:429:19:HAL_TIM_Base_Start_IT	24	static
../Drivers/STM32L1xx_HAL_Driver/Src/stm32l1xx_hal_tim.c:455:19:HAL_TIM_Base_Stop_IT	16	static
../Drivers/STM32L1xx_HAL_Driver/Src/stm32l1xx_hal_tim.c:476:19:HAL_TIM_Base_Start_DMA	32	static
../Drivers/STM32L1xx_HAL_Driver/Src/stm32l1xx_hal_tim.c:535:19:HAL_TIM_Base_Stop_DMA	16	static
../Drivers/STM32L1xx_HAL_Driver/Src/stm32l1xx_hal_tim.c:590:19:HAL_TIM_OC_Init	16	static
../Drivers/STM32L1xx_HAL_Driver/Src/stm32l1xx_hal_tim.c:642:19:HAL_TIM_OC_DeInit	16	static
../Drivers/STM32L1xx_HAL_Driver/Src/stm32l1xx_hal_tim.c:678:13:HAL_TIM_OC_MspInit	16	static
../Drivers/STM32L1xx_HAL_Driver/Src/stm32l1xx_hal_tim.c:693:13:HAL_TIM_OC_MspDeInit	16	static
../Drivers/STM32L1xx_HAL_Driver/Src/stm32l1xx_hal_tim.c:714:19:HAL_TIM_OC_Start	24	static
../Drivers/STM32L1xx_HAL_Driver/Src/stm32l1xx_hal_tim.c:746:19:HAL_TIM_OC_Stop	16	static
../Drivers/STM32L1xx_HAL_Driver/Src/stm32l1xx_hal_tim.c:772:19:HAL_TIM_OC_Start_IT	24	static
../Drivers/STM32L1xx_HAL_Driver/Src/stm32l1xx_hal_tim.c:838:19:HAL_TIM_OC_Stop_IT	16	static
../Drivers/STM32L1xx_HAL_Driver/Src/stm32l1xx_hal_tim.c:900:19:HAL_TIM_OC_Start_DMA	32	static
../Drivers/STM32L1xx_HAL_Driver/Src/stm32l1xx_hal_tim.c:1036:19:HAL_TIM_OC_Stop_DMA	16	static
../Drivers/STM32L1xx_HAL_Driver/Src/stm32l1xx_hal_tim.c:1127:19:HAL_TIM_PWM_Init	16	static
../Drivers/STM32L1xx_HAL_Driver/Src/stm32l1xx_hal_tim.c:1179:19:HAL_TIM_PWM_DeInit	16	static
../Drivers/STM32L1xx_HAL_Driver/Src/stm32l1xx_hal_tim.c:1215:13:HAL_TIM_PWM_MspInit	16	static
../Drivers/STM32L1xx_HAL_Driver/Src/stm32l1xx_hal_tim.c:1230:13:HAL_TIM_PWM_MspDeInit	16	static
../Drivers/STM32L1xx_HAL_Driver/Src/stm32l1xx_hal_tim.c:1251:19:HAL_TIM_PWM_Start	24	static
../Drivers/STM32L1xx_HAL_Driver/Src/stm32l1xx_hal_tim.c:1283:19:HAL_TIM_PWM_Stop	16	static
../Drivers/STM32L1xx_HAL_Driver/Src/stm32l1xx_hal_tim.c:1312:19:HAL_TIM_PWM_Start_IT	24	static
../Drivers/STM32L1xx_HAL_Driver/Src/stm32l1xx_hal_tim.c:1377:19:HAL_TIM_PWM_Stop_IT	16	static
../Drivers/STM32L1xx_HAL_Driver/Src/stm32l1xx_hal_tim.c:1439:19:HAL_TIM_PWM_Start_DMA	32	static
../Drivers/STM32L1xx_HAL_Driver/Src/stm32l1xx_hal_tim.c:1574:19:HAL_TIM_PWM_Stop_DMA	16	static
../Drivers/STM32L1xx_HAL_Driver/Src/stm32l1xx_hal_tim.c:1665:19:HAL_TIM_IC_Init	16	static
../Drivers/STM32L1xx_HAL_Driver/Src/stm32l1xx_hal_tim.c:1717:19:HAL_TIM_IC_DeInit	16	static
../Drivers/STM32L1xx_HAL_Driver/Src/stm32l1xx_hal_tim.c:1753:13:HAL_TIM_IC_MspInit	16	static
../Drivers/STM32L1xx_HAL_Driver/Src/stm32l1xx_hal_tim.c:1768:13:HAL_TIM_IC_MspDeInit	16	static
../Drivers/STM32L1xx_HAL_Driver/Src/stm32l1xx_hal_tim.c:1789:19:HAL_TIM_IC_Start	24	static
../Drivers/STM32L1xx_HAL_Driver/Src/stm32l1xx_hal_tim.c:1821:19:HAL_TIM_IC_Stop	16	static
../Drivers/STM32L1xx_HAL_Driver/Src/stm32l1xx_hal_tim.c:1847:19:HAL_TIM_IC_Start_IT	24	static
../Drivers/STM32L1xx_HAL_Driver/Src/stm32l1xx_hal_tim.c:1912:19:HAL_TIM_IC_Stop_IT	16	static
../Drivers/STM32L1xx_HAL_Driver/Src/stm32l1xx_hal_tim.c:1974:19:HAL_TIM_IC_Start_DMA	32	static
../Drivers/STM32L1xx_HAL_Driver/Src/stm32l1xx_hal_tim.c:2109:19:HAL_TIM_IC_Stop_DMA	16	static
../Drivers/STM32L1xx_HAL_Driver/Src/stm32l1xx_hal_tim.c:2204:19:HAL_TIM_OnePulse_Init	16	static
../Drivers/STM32L1xx_HAL_Driver/Src/stm32l1xx_hal_tim.c:2263:19:HAL_TIM_OnePulse_DeInit	16	static
../Drivers/STM32L1xx_HAL_Driver/Src/stm32l1xx_hal_tim.c:2299:13:HAL_TIM_OnePulse_MspInit	16	static
../Drivers/STM32L1xx_HAL_Driver/Src/stm32l1xx_hal_tim.c:2314:13:HAL_TIM_OnePulse_MspDeInit	16	static
../Drivers/STM32L1xx_HAL_Driver/Src/stm32l1xx_hal_tim.c:2333:19:HAL_TIM_OnePulse_Start	16	static
../Drivers/STM32L1xx_HAL_Driver/Src/stm32l1xx_hal_tim.c:2363:19:HAL_TIM_OnePulse_Stop	16	static
../Drivers/STM32L1xx_HAL_Driver/Src/stm32l1xx_hal_tim.c:2393:19:HAL_TIM_OnePulse_Start_IT	16	static
../Drivers/STM32L1xx_HAL_Driver/Src/stm32l1xx_hal_tim.c:2429:19:HAL_TIM_OnePulse_Stop_IT	16	static
../Drivers/STM32L1xx_HAL_Driver/Src/stm32l1xx_hal_tim.c:2493:19:HAL_TIM_Encoder_Init	32	static
../Drivers/STM32L1xx_HAL_Driver/Src/stm32l1xx_hal_tim.c:2598:19:HAL_TIM_Encoder_DeInit	16	static
../Drivers/STM32L1xx_HAL_Driver/Src/stm32l1xx_hal_tim.c:2634:13:HAL_TIM_Encoder_MspInit	16	static
../Drivers/STM32L1xx_HAL_Driver/Src/stm32l1xx_hal_tim.c:2649:13:HAL_TIM_Encoder_MspDeInit	16	static
../Drivers/STM32L1xx_HAL_Driver/Src/stm32l1xx_hal_tim.c:2669:19:HAL_TIM_Encoder_Start	16	static
../Drivers/STM32L1xx_HAL_Driver/Src/stm32l1xx_hal_tim.c:2713:19:HAL_TIM_Encoder_Stop	16	static
../Drivers/STM32L1xx_HAL_Driver/Src/stm32l1xx_hal_tim.c:2759:19:HAL_TIM_Encoder_Start_IT	16	static
../Drivers/STM32L1xx_HAL_Driver/Src/stm32l1xx_hal_tim.c:2809:19:HAL_TIM_Encoder_Stop_IT	16	static
../Drivers/STM32L1xx_HAL_Driver/Src/stm32l1xx_hal_tim.c:2863:19:HAL_TIM_Encoder_Start_DMA	24	static
../Drivers/STM32L1xx_HAL_Driver/Src/stm32l1xx_hal_tim.c:2997:19:HAL_TIM_Encoder_Stop_DMA	16	static
../Drivers/STM32L1xx_HAL_Driver/Src/stm32l1xx_hal_tim.c:3063:6:HAL_TIM_IRQHandler	16	static
../Drivers/STM32L1xx_HAL_Driver/Src/stm32l1xx_hal_tim.c:3251:19:HAL_TIM_OC_ConfigChannel	24	static
../Drivers/STM32L1xx_HAL_Driver/Src/stm32l1xx_hal_tim.c:3331:19:HAL_TIM_IC_ConfigChannel	24	static
../Drivers/STM32L1xx_HAL_Driver/Src/stm32l1xx_hal_tim.c:3428:19:HAL_TIM_PWM_ConfigChannel	24	static
../Drivers/STM32L1xx_HAL_Driver/Src/stm32l1xx_hal_tim.c:3539:19:HAL_TIM_OnePulse_ConfigChannel	40	static
../Drivers/STM32L1xx_HAL_Driver/Src/stm32l1xx_hal_tim.c:3672:19:HAL_TIM_DMABurst_WriteStart	24	static
../Drivers/STM32L1xx_HAL_Driver/Src/stm32l1xx_hal_tim.c:3819:19:HAL_TIM_DMABurst_WriteStop	24	static
../Drivers/STM32L1xx_HAL_Driver/Src/stm32l1xx_hal_tim.c:3908:19:HAL_TIM_DMABurst_ReadStart	24	static
../Drivers/STM32L1xx_HAL_Driver/Src/stm32l1xx_hal_tim.c:4056:19:HAL_TIM_DMABurst_ReadStop	24	static
../Drivers/STM32L1xx_HAL_Driver/Src/stm32l1xx_hal_tim.c:4124:19:HAL_TIM_GenerateEvent	16	static
../Drivers/STM32L1xx_HAL_Driver/Src/stm32l1xx_hal_tim.c:4161:19:HAL_TIM_ConfigOCrefClear	24	static
../Drivers/STM32L1xx_HAL_Driver/Src/stm32l1xx_hal_tim.c:4294:19:HAL_TIM_ConfigClockSource	24	static
../Drivers/STM32L1xx_HAL_Driver/Src/stm32l1xx_hal_tim.c:4446:19:HAL_TIM_ConfigTI1Input	24	static
../Drivers/STM32L1xx_HAL_Driver/Src/stm32l1xx_hal_tim.c:4478:19:HAL_TIM_SlaveConfigSynchro	16	static
../Drivers/STM32L1xx_HAL_Driver/Src/stm32l1xx_hal_tim.c:4518:19:HAL_TIM_SlaveConfigSynchro_IT	16	static
../Drivers/STM32L1xx_HAL_Driver/Src/stm32l1xx_hal_tim.c:4561:10:HAL_TIM_ReadCapturedValue	24	static
../Drivers/STM32L1xx_HAL_Driver/Src/stm32l1xx_hal_tim.c:4645:13:HAL_TIM_PeriodElapsedCallback	16	static
../Drivers/STM32L1xx_HAL_Driver/Src/stm32l1xx_hal_tim.c:4660:13:HAL_TIM_PeriodElapsedHalfCpltCallback	16	static
../Drivers/STM32L1xx_HAL_Driver/Src/stm32l1xx_hal_tim.c:4675:13:HAL_TIM_OC_DelayElapsedCallback	16	static
../Drivers/STM32L1xx_HAL_Driver/Src/stm32l1xx_hal_tim.c:4690:13:HAL_TIM_IC_CaptureCallback	16	static
../Drivers/STM32L1xx_HAL_Driver/Src/stm32l1xx_hal_tim.c:4705:13:HAL_TIM_IC_CaptureHalfCpltCallback	16	static
../Drivers/STM32L1xx_HAL_Driver/Src/stm32l1xx_hal_tim.c:4720:13:HAL_TIM_PWM_PulseFinishedCallback	16	static
../Drivers/STM32L1xx_HAL_Driver/Src/stm32l1xx_hal_tim.c:4735:13:HAL_TIM_PWM_PulseFinishedHalfCpltCallback	16	static
../Drivers/STM32L1xx_HAL_Driver/Src/stm32l1xx_hal_tim.c:4750:13:HAL_TIM_TriggerCallback	16	static
../Drivers/STM32L1xx_HAL_Driver/Src/stm32l1xx_hal_tim.c:4765:13:HAL_TIM_TriggerHalfCpltCallback	16	static
../Drivers/STM32L1xx_HAL_Driver/Src/stm32l1xx_hal_tim.c:4780:13:HAL_TIM_ErrorCallback	16	static
../Drivers/STM32L1xx_HAL_Driver/Src/stm32l1xx_hal_tim.c:5230:22:HAL_TIM_Base_GetState	16	static
../Drivers/STM32L1xx_HAL_Driver/Src/stm32l1xx_hal_tim.c:5240:22:HAL_TIM_OC_GetState	16	static
../Drivers/STM32L1xx_HAL_Driver/Src/stm32l1xx_hal_tim.c:5250:22:HAL_TIM_PWM_GetState	16	static
../Drivers/STM32L1xx_HAL_Driver/Src/stm32l1xx_hal_tim.c:5260:22:HAL_TIM_IC_GetState	16	static
../Drivers/STM32L1xx_HAL_Driver/Src/stm32l1xx_hal_tim.c:5270:22:HAL_TIM_OnePulse_GetState	16	static
../Drivers/STM32L1xx_HAL_Driver/Src/stm32l1xx_hal_tim.c:5280:22:HAL_TIM_Encoder_GetState	16	static
../Drivers/STM32L1xx_HAL_Driver/Src/stm32l1xx_hal_tim.c:5302:6:TIM_DMAError	24	static
../Drivers/STM32L1xx_HAL_Driver/Src/stm32l1xx_hal_tim.c:5320:6:TIM_DMADelayPulseCplt	24	static
../Drivers/STM32L1xx_HAL_Driver/Src/stm32l1xx_hal_tim.c:5361:6:TIM_DMADelayPulseHalfCplt	24	static
../Drivers/STM32L1xx_HAL_Driver/Src/stm32l1xx_hal_tim.c:5402:6:TIM_DMACaptureCplt	24	static
../Drivers/STM32L1xx_HAL_Driver/Src/stm32l1xx_hal_tim.c:5443:6:TIM_DMACaptureHalfCplt	24	static
../Drivers/STM32L1xx_HAL_Driver/Src/stm32l1xx_hal_tim.c:5484:13:TIM_DMAPeriodElapsedCplt	24	static
../Drivers/STM32L1xx_HAL_Driver/Src/stm32l1xx_hal_tim.c:5502:13:TIM_DMAPeriodElapsedHalfCplt	24	static
../Drivers/STM32L1xx_HAL_Driver/Src/stm32l1xx_hal_tim.c:5520:13:TIM_DMATriggerCplt	24	static
../Drivers/STM32L1xx_HAL_Driver/Src/stm32l1xx_hal_tim.c:5538:13:TIM_DMATriggerHalfCplt	24	static
../Drivers/STM32L1xx_HAL_Driver/Src/stm32l1xx_hal_tim.c:5557:6:TIM_Base_SetConfig	24	static
../Drivers/STM32L1xx_HAL_Driver/Src/stm32l1xx_hal_tim.c:5599:13:TIM_OC1_SetConfig	32	static
../Drivers/STM32L1xx_HAL_Driver/Src/stm32l1xx_hal_tim.c:5646:13:TIM_OC2_SetConfig	32	static
../Drivers/STM32L1xx_HAL_Driver/Src/stm32l1xx_hal_tim.c:5694:13:TIM_OC3_SetConfig	32	static
../Drivers/STM32L1xx_HAL_Driver/Src/stm32l1xx_hal_tim.c:5741:13:TIM_OC4_SetConfig	32	static
../Drivers/STM32L1xx_HAL_Driver/Src/stm32l1xx_hal_tim.c:5789:26:TIM_SlaveTimer_SetConfig	32	static
../Drivers/STM32L1xx_HAL_Driver/Src/stm32l1xx_hal_tim.c:5920:13:TIM_TI1_SetConfig	32	static
../Drivers/STM32L1xx_HAL_Driver/Src/stm32l1xx_hal_tim.c:5967:13:TIM_TI1_ConfigInputStage	32	static
../Drivers/STM32L1xx_HAL_Driver/Src/stm32l1xx_hal_tim.c:6010:13:TIM_TI2_SetConfig	32	static
../Drivers/STM32L1xx_HAL_Driver/Src/stm32l1xx_hal_tim.c:6050:13:TIM_TI2_ConfigInputStage	32	static
../Drivers/STM32L1xx_HAL_Driver/Src/stm32l1xx_hal_tim.c:6093:13:TIM_TI3_SetConfig	32	static
../Drivers/STM32L1xx_HAL_Driver/Src/stm32l1xx_hal_tim.c:6141:13:TIM_TI4_SetConfig	32	static
../Drivers/STM32L1xx_HAL_Driver/Src/stm32l1xx_hal_tim.c:6184:13:TIM_ITRx_SetConfig	24	static
../Drivers/STM32L1xx_HAL_Driver/Src/stm32l1xx_hal_tim.c:6214:13:TIM_ETR_SetConfig	32	static
../Drivers/STM32L1xx_HAL_Driver/Src/stm32l1xx_hal_tim.c:6244:13:TIM_CCxChannelCmd	32	static
