../Drivers/STM32L1xx_HAL_Driver/Src/stm32l1xx_hal_rtc_ex.c:128:19:HAL_RTCEx_SetTimeStamp	24	static
../Drivers/STM32L1xx_HAL_Driver/Src/stm32l1xx_hal_rtc_ex.c:178:19:HAL_RTCEx_SetTimeStamp_IT	24	static
../Drivers/STM32L1xx_HAL_Driver/Src/stm32l1xx_hal_rtc_ex.c:227:19:HAL_RTCEx_DeactivateTimeStamp	24	static
../Drivers/STM32L1xx_HAL_Driver/Src/stm32l1xx_hal_rtc_ex.c:270:19:HAL_RTCEx_GetTimeStamp	32	static
../Drivers/STM32L1xx_HAL_Driver/Src/stm32l1xx_hal_rtc_ex.c:323:19:HAL_RTCEx_SetTamper	24	static
../Drivers/STM32L1xx_HAL_Driver/Src/stm32l1xx_hal_rtc_ex.c:384:19:HAL_RTCEx_SetTamper_IT	24	static
../Drivers/STM32L1xx_HAL_Driver/Src/stm32l1xx_hal_rtc_ex.c:452:19:HAL_RTCEx_DeactivateTamper	16	static
../Drivers/STM32L1xx_HAL_Driver/Src/stm32l1xx_hal_rtc_ex.c:477:6:HAL_RTCEx_TamperTimeStampIRQHandler	16	static
../Drivers/STM32L1xx_HAL_Driver/Src/stm32l1xx_hal_rtc_ex.c:565:13:HAL_RTCEx_TimeStampEventCallback	16	static
../Drivers/STM32L1xx_HAL_Driver/Src/stm32l1xx_hal_rtc_ex.c:580:13:HAL_RTCEx_Tamper1EventCallback	16	static
../Drivers/STM32L1xx_HAL_Driver/Src/stm32l1xx_hal_rtc_ex.c:596:13:HAL_RTCEx_Tamper2EventCallback	16	static
../Drivers/STM32L1xx_HAL_Driver/Src/stm32l1xx_hal_rtc_ex.c:611:13:HAL_RTCEx_Tamper3EventCallback	16	static
../Drivers/STM32L1xx_HAL_Driver/Src/stm32l1xx_hal_rtc_ex.c:628:19:HAL_RTCEx_PollForTimeStampEvent	24	static
../Drivers/STM32L1xx_HAL_Driver/Src/stm32l1xx_hal_rtc_ex.c:667:19:HAL_RTCEx_PollForTamper1Event	24	static
../Drivers/STM32L1xx_HAL_Driver/Src/stm32l1xx_hal_rtc_ex.c:700:19:HAL_RTCEx_PollForTamper2Event	24	static
../Drivers/STM32L1xx_HAL_Driver/Src/stm32l1xx_hal_rtc_ex.c:732:19:HAL_RTCEx_PollForTamper3Event	24	static
../Drivers/STM32L1xx_HAL_Driver/Src/stm32l1xx_hal_rtc_ex.c:784:19:HAL_RTCEx_SetWakeUpTimer	32	static
../Drivers/STM32L1xx_HAL_Driver/Src/stm32l1xx_hal_rtc_ex.c:874:19:HAL_RTCEx_SetWakeUpTimer_IT	32	static
../Drivers/STM32L1xx_HAL_Driver/Src/stm32l1xx_hal_rtc_ex.c:974:19:HAL_RTCEx_DeactivateWakeUpTimer	24	static
../Drivers/STM32L1xx_HAL_Driver/Src/stm32l1xx_hal_rtc_ex.c:1026:10:HAL_RTCEx_GetWakeUpTimer	16	static
../Drivers/STM32L1xx_HAL_Driver/Src/stm32l1xx_hal_rtc_ex.c:1037:6:HAL_RTCEx_WakeUpTimerIRQHandler	16	static
../Drivers/STM32L1xx_HAL_Driver/Src/stm32l1xx_hal_rtc_ex.c:1066:13:HAL_RTCEx_WakeUpTimerEventCallback	16	static
../Drivers/STM32L1xx_HAL_Driver/Src/stm32l1xx_hal_rtc_ex.c:1082:19:HAL_RTCEx_PollForWakeUpTimerEvent	24	static
../Drivers/STM32L1xx_HAL_Driver/Src/stm32l1xx_hal_rtc_ex.c:1148:6:HAL_RTCEx_BKUPWrite	32	static
../Drivers/STM32L1xx_HAL_Driver/Src/stm32l1xx_hal_rtc_ex.c:1170:10:HAL_RTCEx_BKUPRead	24	static
../Drivers/STM32L1xx_HAL_Driver/Src/stm32l1xx_hal_rtc_ex.c:1201:19:HAL_RTCEx_SetCoarseCalib	24	static
../Drivers/STM32L1xx_HAL_Driver/Src/stm32l1xx_hal_rtc_ex.c:1259:19:HAL_RTCEx_DeactivateCoarseCalib	16	static
../Drivers/STM32L1xx_HAL_Driver/Src/stm32l1xx_hal_rtc_ex.c:1324:19:HAL_RTCEx_SetSmoothCalib	32	static
../Drivers/STM32L1xx_HAL_Driver/Src/stm32l1xx_hal_rtc_ex.c:1392:19:HAL_RTCEx_SetSynchroShift	32	static
../Drivers/STM32L1xx_HAL_Driver/Src/stm32l1xx_hal_rtc_ex.c:1485:19:HAL_RTCEx_SetCalibrationOutPut	16	static
../Drivers/STM32L1xx_HAL_Driver/Src/stm32l1xx_hal_rtc_ex.c:1535:19:HAL_RTCEx_DeactivateCalibrationOutPut	16	static
../Drivers/STM32L1xx_HAL_Driver/Src/stm32l1xx_hal_rtc_ex.c:1564:19:HAL_RTCEx_SetRefClock	16	static
../Drivers/STM32L1xx_HAL_Driver/Src/stm32l1xx_hal_rtc_ex.c:1613:19:HAL_RTCEx_DeactivateRefClock	16	static
../Drivers/STM32L1xx_HAL_Driver/Src/stm32l1xx_hal_rtc_ex.c:1665:19:HAL_RTCEx_EnableBypassShadow	16	static
../Drivers/STM32L1xx_HAL_Driver/Src/stm32l1xx_hal_rtc_ex.c:1697:19:HAL_RTCEx_DisableBypassShadow	16	static
../Drivers/STM32L1xx_HAL_Driver/Src/stm32l1xx_hal_rtc_ex.c:1747:13:HAL_RTCEx_AlarmBEventCallback	16	static
../Drivers/STM32L1xx_HAL_Driver/Src/stm32l1xx_hal_rtc_ex.c:1763:19:HAL_RTCEx_PollForAlarmBEvent	24	static
