../Core/Src/SX127x.c:15:6:gByteWritefunc	16	static
../Core/Src/SX127x.c:21:15:gByteReadfunc	16	static
../Core/Src/SX127x.c:31:6:SX127xWriteBuffer	16	static
../Core/Src/SX127x.c:39:15:SX127xReadBuffer	24	static
../Core/Src/SX127x.c:51:6:SX127xReset	8	static
../Core/Src/SX127x.c:59:6:SX127xFSKSetOpMode	24	static
../Core/Src/SX127x.c:68:5:SX127xFSKGetOpMode	8	static
../Core/Src/SX127x.c:73:6:SX127xFSKLoRa	24	static
../Core/Src/SX127x.c:82:6:SX127xFSKSetRFFrequency	24	static
../Core/Src/SX127x.c:94:6:SX127xFSKSetBitRate	24	static
../Core/Src/SX127x.c:105:6:SX127xFSKSetFreqDev	24	static
../Core/Src/SX127x.c:115:6:SX127xFSKSetRFPower	24	static
../Core/Src/SX127x.c:157:6:SX127xFSKSetGaussianMode	24	static
../Core/Src/SX127x.c:166:6:SX127xFSKSetFIFOThreshold	24	static
../Core/Src/SX127x.c:175:6:SX127xFSKSetPacketFormat	24	static
../Core/Src/SX127x.c:184:6:SX127xFSKSetSyncOn	24	static
../Core/Src/SX127x.c:193:6:SX127xFSKSetCrcOn	24	static
../Core/Src/SX127x.c:202:6:SX127xFSKSetPreambleSize	24	static
../Core/Src/SX127x.c:211:6:SX127xFSK_INT	8	static
../Core/Src/SX127x.c:231:6:SX127xFSKSetPayloadLength	24	static
../Core/Src/SX127x.c:247:6:FUN_RF_SENDPACKET	24	static
